Archive member included to satisfy reference by file (symbol)

c:/users/swallen/appdata/roaming/xpacks/@gnu-mcu-eclipse/arm-none-eabi-gcc/8.2.1-1.3.1/.content/bin/../lib/gcc/arm-none-eabi/8.2.1/../../../../arm-none-eabi/lib/thumb/v7e-m/nofp\libm.a(lib_a-w_atan2.o)
                              src\serial.o (atan2)
c:/users/swallen/appdata/roaming/xpacks/@gnu-mcu-eclipse/arm-none-eabi-gcc/8.2.1-1.3.1/.content/bin/../lib/gcc/arm-none-eabi/8.2.1/../../../../arm-none-eabi/lib/thumb/v7e-m/nofp\libm.a(lib_a-w_sqrt.o)
                              src\accelerometer.o (sqrt)
c:/users/swallen/appdata/roaming/xpacks/@gnu-mcu-eclipse/arm-none-eabi-gcc/8.2.1-1.3.1/.content/bin/../lib/gcc/arm-none-eabi/8.2.1/../../../../arm-none-eabi/lib/thumb/v7e-m/nofp\libm.a(lib_a-e_atan2.o)
                              c:/users/swallen/appdata/roaming/xpacks/@gnu-mcu-eclipse/arm-none-eabi-gcc/8.2.1-1.3.1/.content/bin/../lib/gcc/arm-none-eabi/8.2.1/../../../../arm-none-eabi/lib/thumb/v7e-m/nofp\libm.a(lib_a-w_atan2.o) (__ieee754_atan2)
c:/users/swallen/appdata/roaming/xpacks/@gnu-mcu-eclipse/arm-none-eabi-gcc/8.2.1-1.3.1/.content/bin/../lib/gcc/arm-none-eabi/8.2.1/../../../../arm-none-eabi/lib/thumb/v7e-m/nofp\libm.a(lib_a-e_sqrt.o)
                              c:/users/swallen/appdata/roaming/xpacks/@gnu-mcu-eclipse/arm-none-eabi-gcc/8.2.1-1.3.1/.content/bin/../lib/gcc/arm-none-eabi/8.2.1/../../../../arm-none-eabi/lib/thumb/v7e-m/nofp\libm.a(lib_a-w_sqrt.o) (__ieee754_sqrt)
c:/users/swallen/appdata/roaming/xpacks/@gnu-mcu-eclipse/arm-none-eabi-gcc/8.2.1-1.3.1/.content/bin/../lib/gcc/arm-none-eabi/8.2.1/../../../../arm-none-eabi/lib/thumb/v7e-m/nofp\libm.a(lib_a-s_atan.o)
                              c:/users/swallen/appdata/roaming/xpacks/@gnu-mcu-eclipse/arm-none-eabi-gcc/8.2.1-1.3.1/.content/bin/../lib/gcc/arm-none-eabi/8.2.1/../../../../arm-none-eabi/lib/thumb/v7e-m/nofp\libm.a(lib_a-e_atan2.o) (atan)
c:/users/swallen/appdata/roaming/xpacks/@gnu-mcu-eclipse/arm-none-eabi-gcc/8.2.1-1.3.1/.content/bin/../lib/gcc/arm-none-eabi/8.2.1/../../../../arm-none-eabi/lib/thumb/v7e-m/nofp\libm.a(lib_a-s_fabs.o)
                              c:/users/swallen/appdata/roaming/xpacks/@gnu-mcu-eclipse/arm-none-eabi-gcc/8.2.1-1.3.1/.content/bin/../lib/gcc/arm-none-eabi/8.2.1/../../../../arm-none-eabi/lib/thumb/v7e-m/nofp\libm.a(lib_a-e_atan2.o) (fabs)
c:/users/swallen/appdata/roaming/xpacks/@gnu-mcu-eclipse/arm-none-eabi-gcc/8.2.1-1.3.1/.content/bin/../lib/gcc/arm-none-eabi/8.2.1/../../../../arm-none-eabi/lib/thumb/v7e-m/nofp\libm.a(lib_a-s_lib_ver.o)
                              c:/users/swallen/appdata/roaming/xpacks/@gnu-mcu-eclipse/arm-none-eabi-gcc/8.2.1-1.3.1/.content/bin/../lib/gcc/arm-none-eabi/8.2.1/../../../../arm-none-eabi/lib/thumb/v7e-m/nofp\libm.a(lib_a-w_sqrt.o) (__fdlib_version)
c:/users/swallen/appdata/roaming/xpacks/@gnu-mcu-eclipse/arm-none-eabi-gcc/8.2.1-1.3.1/.content/bin/../lib/gcc/arm-none-eabi/8.2.1/../../../../arm-none-eabi/lib/thumb/v7e-m/nofp\libm.a(lib_a-s_matherr.o)
                              c:/users/swallen/appdata/roaming/xpacks/@gnu-mcu-eclipse/arm-none-eabi-gcc/8.2.1-1.3.1/.content/bin/../lib/gcc/arm-none-eabi/8.2.1/../../../../arm-none-eabi/lib/thumb/v7e-m/nofp\libm.a(lib_a-w_sqrt.o) (matherr)
c:/users/swallen/appdata/roaming/xpacks/@gnu-mcu-eclipse/arm-none-eabi-gcc/8.2.1-1.3.1/.content/bin/../lib/gcc/arm-none-eabi/8.2.1/thumb/v7e-m/nofp\libgcc.a(_arm_addsubdf3.o)
                              c:/users/swallen/appdata/roaming/xpacks/@gnu-mcu-eclipse/arm-none-eabi-gcc/8.2.1-1.3.1/.content/bin/../lib/gcc/arm-none-eabi/8.2.1/../../../../arm-none-eabi/lib/thumb/v7e-m/nofp\libm.a(lib_a-e_atan2.o) (__aeabi_dsub)
c:/users/swallen/appdata/roaming/xpacks/@gnu-mcu-eclipse/arm-none-eabi-gcc/8.2.1-1.3.1/.content/bin/../lib/gcc/arm-none-eabi/8.2.1/thumb/v7e-m/nofp\libgcc.a(_arm_muldivdf3.o)
                              src\serial.o (__aeabi_dmul)
c:/users/swallen/appdata/roaming/xpacks/@gnu-mcu-eclipse/arm-none-eabi-gcc/8.2.1-1.3.1/.content/bin/../lib/gcc/arm-none-eabi/8.2.1/thumb/v7e-m/nofp\libgcc.a(_arm_cmpdf2.o)
                              c:/users/swallen/appdata/roaming/xpacks/@gnu-mcu-eclipse/arm-none-eabi-gcc/8.2.1-1.3.1/.content/bin/../lib/gcc/arm-none-eabi/8.2.1/../../../../arm-none-eabi/lib/thumb/v7e-m/nofp\libm.a(lib_a-w_sqrt.o) (__aeabi_dcmplt)
c:/users/swallen/appdata/roaming/xpacks/@gnu-mcu-eclipse/arm-none-eabi-gcc/8.2.1-1.3.1/.content/bin/../lib/gcc/arm-none-eabi/8.2.1/thumb/v7e-m/nofp\libgcc.a(_arm_unorddf2.o)
                              c:/users/swallen/appdata/roaming/xpacks/@gnu-mcu-eclipse/arm-none-eabi-gcc/8.2.1-1.3.1/.content/bin/../lib/gcc/arm-none-eabi/8.2.1/../../../../arm-none-eabi/lib/thumb/v7e-m/nofp\libm.a(lib_a-w_sqrt.o) (__aeabi_dcmpun)
c:/users/swallen/appdata/roaming/xpacks/@gnu-mcu-eclipse/arm-none-eabi-gcc/8.2.1-1.3.1/.content/bin/../lib/gcc/arm-none-eabi/8.2.1/thumb/v7e-m/nofp\libgcc.a(_arm_fixdfsi.o)
                              src\serial.o (__aeabi_d2iz)
[...]
Memory Configuration

Name             Origin             Length             Attributes
RAM              0x0000000020000000 0x0000000000020000 xrw
CCMRAM           0x0000000010000000 0x0000000000010000 xrw
FLASH            0x0000000008000000 0x0000000000080000 xr
FLASHB1          0x0000000000000000 0x0000000000000000 xr
EXTMEMB0         0x0000000000000000 0x0000000000000000 xr
EXTMEMB1         0x0000000000000000 0x0000000000000000 xr
EXTMEMB2         0x0000000000000000 0x0000000000000000 xr
EXTMEMB3         0x0000000000000000 0x0000000000000000 xr
MEMORY_ARRAY     0x0000000020002000 0x0000000000000020 xrw
*default*        0x0000000000000000 0xffffffffffffffff

Linker script and memory map

LOAD src\LEDs.o
LOAD src\_initialize_hardware.o
LOAD src\_write.o
LOAD src\accelerometer.o
LOAD src\adcs.o
LOAD src\animations.o
LOAD src\lidar.o
LOAD src\main.o
LOAD src\motors.o
LOAD src\serial.o
LOAD src\stm32f4xx_hal_msp.o
LOAD src\stm32f4xx_it.o
LOAD src\system_stm32f4xx.o
LOAD src\time.o
LOAD src\topLoop.o
LOAD src\watchdog.o
LOAD system\src\cmsis\vectors_stm32f446xx.o
LOAD system\src\cortexm\_initialize_hardware.o
LOAD system\src\cortexm\_reset_hardware.o
LOAD system\src\cortexm\exception_handlers.o
LOAD system\src\diag\Trace.o
LOAD system\src\diag\trace_impl.o
LOAD system\src\newlib\_cxx.o
LOAD system\src\newlib\_exit.o
LOAD system\src\newlib\_sbrk.o
LOAD system\src\newlib\_startup.o
LOAD system\src\newlib\_syscalls.o
LOAD system\src\newlib\assert.o
LOAD system\src\stm32f4-hal\stm32f4xx_hal.o
LOAD system\src\stm32f4-hal\stm32f4xx_hal_adc.o
LOAD system\src\stm32f4-hal\stm32f4xx_hal_adc_ex.o
LOAD system\src\stm32f4-hal\stm32f4xx_hal_cortex.o
LOAD system\src\stm32f4-hal\stm32f4xx_hal_dac.o
LOAD system\src\stm32f4-hal\stm32f4xx_hal_dac_ex.o
LOAD system\src\stm32f4-hal\stm32f4xx_hal_dfsdm.o
LOAD system\src\stm32f4-hal\stm32f4xx_hal_dma.o
LOAD system\src\stm32f4-hal\stm32f4xx_hal_dma2d.o
LOAD system\src\stm32f4-hal\stm32f4xx_hal_dma_ex.o
LOAD system\src\stm32f4-hal\stm32f4xx_hal_flash.o
LOAD system\src\stm32f4-hal\stm32f4xx_hal_gpio.o
LOAD system\src\stm32f4-hal\stm32f4xx_hal_i2c.o
LOAD system\src\stm32f4-hal\stm32f4xx_hal_i2c_ex.o
LOAD system\src\stm32f4-hal\stm32f4xx_hal_iwdg.o
LOAD system\src\stm32f4-hal\stm32f4xx_hal_pwr.o
LOAD system\src\stm32f4-hal\stm32f4xx_hal_rcc.o
LOAD system\src\stm32f4-hal\stm32f4xx_hal_spi.o
LOAD system\src\stm32f4-hal\stm32f4xx_hal_tim.o
LOAD system\src\stm32f4-hal\stm32f4xx_hal_tim_ex.o
LOAD system\src\stm32f4-hal\stm32f4xx_hal_uart.o
LOAD c:/users/swallen/appdata/roaming/xpacks/@gnu-mcu-eclipse/arm-none-eabi-gcc/8.2.1-1.3.1/.content/bin/../lib/gcc/arm-none-eabi/8.2.1/../../../../arm-none-eabi/lib/thumb/v7e-m/nofp\libstdc++_nano.a
LOAD c:/users/swallen/appdata/roaming/xpacks/@gnu-mcu-eclipse/arm-none-eabi-gcc/8.2.1-1.3.1/.content/bin/../lib/gcc/arm-none-eabi/8.2.1/../../../../arm-none-eabi/lib/thumb/v7e-m/nofp\libm.a
START GROUP
LOAD c:/users/swallen/appdata/roaming/xpacks/@gnu-mcu-eclipse/arm-none-eabi-gcc/8.2.1-1.3.1/.content/bin/../lib/gcc/arm-none-eabi/8.2.1/thumb/v7e-m/nofp\libgcc.a
LOAD c:/users/swallen/appdata/roaming/xpacks/@gnu-mcu-eclipse/arm-none-eabi-gcc/8.2.1-1.3.1/.content/bin/../lib/gcc/arm-none-eabi/8.2.1/../../../../arm-none-eabi/lib/thumb/v7e-m/nofp\libg_nano.a
LOAD c:/users/swallen/appdata/roaming/xpacks/@gnu-mcu-eclipse/arm-none-eabi-gcc/8.2.1-1.3.1/.content/bin/../lib/gcc/arm-none-eabi/8.2.1/../../../../arm-none-eabi/lib/thumb/v7e-m/nofp\libc_nano.a
END GROUP
START GROUP
LOAD c:/users/swallen/appdata/roaming/xpacks/@gnu-mcu-eclipse/arm-none-eabi-gcc/8.2.1-1.3.1/.content/bin/../lib/gcc/arm-none-eabi/8.2.1/thumb/v7e-m/nofp\libgcc.a
LOAD c:/users/swallen/appdata/roaming/xpacks/@gnu-mcu-eclipse/arm-none-eabi-gcc/8.2.1-1.3.1/.content/bin/../lib/gcc/arm-none-eabi/8.2.1/../../../../arm-none-eabi/lib/thumb/v7e-m/nofp\libc_nano.a
END GROUP
                0x0000000020020000                __stack = (ORIGIN (RAM) + LENGTH (RAM))
                0x0000000020020000                _estack = __stack
                0x0000000000000400                __Main_Stack_Size = 0x400
                [!provide]                        PROVIDE (_Main_Stack_Size = __Main_Stack_Size)
                0x000000002001fc00                __Main_Stack_Limit = (__stack - __Main_Stack_Size)
                [!provide]                        PROVIDE (_Main_Stack_Limit = __Main_Stack_Limit)
                0x0000000000000100                _Minimum_Stack_Size = 0x100
                0x0000000020005380                PROVIDE (_Heap_Begin = _end_noinit)
                0x000000002001fc00                PROVIDE (_Heap_Limit = (__stack - __Main_Stack_Size))

.isr_vector     0x0000000008000000      0x408
 FILL mask 0xff
                0x0000000008000000                __vectors_start = ABSOLUTE (.)
                0x0000000008000000                __vectors_start__ = ABSOLUTE (.)
 *(.isr_vector)
 .isr_vector    0x0000000008000000      0x1c4 system\src\cmsis\vectors_stm32f446xx.o
                0x0000000008000000                __isr_vectors
 *(.cfmconfig)
 *(.after_vectors .after_vectors.*)
 .after_vectors
                0x00000000080001c4        0x4 system\src\cmsis\vectors_stm32f446xx.o
                0x00000000080001c4                RTC_Alarm_IRQHandler
                0x00000000080001c4                EXTI2_IRQHandler
                0x00000000080001c4                TIM8_CC_IRQHandler
                0x00000000080001c4                SPI4_IRQHandler
                0x00000000080001c4                TIM1_CC_IRQHandler
                0x00000000080001c4                DMA2_Stream5_IRQHandler
                0x00000000080001c4                DMA1_Stream5_IRQHandler
                0x00000000080001c4                PVD_IRQHandler
                0x00000000080001c4                SDIO_IRQHandler
                0x00000000080001c4                TAMP_STAMP_IRQHandler
                0x00000000080001c4                CAN2_RX1_IRQHandler
                0x00000000080001c4                EXTI3_IRQHandler
                0x00000000080001c4                TIM8_TRG_COM_TIM14_IRQHandler
                0x00000000080001c4                TIM1_UP_TIM10_IRQHandler
                0x00000000080001c4                TIM8_UP_TIM13_IRQHandler
                0x00000000080001c4                I2C3_ER_IRQHandler
                0x00000000080001c4                EXTI0_IRQHandler
                0x00000000080001c4                I2C2_EV_IRQHandler
                0x00000000080001c4                DMA1_Stream2_IRQHandler
                0x00000000080001c4                CAN1_RX0_IRQHandler
                0x00000000080001c4                FPU_IRQHandler
                0x00000000080001c4                OTG_HS_WKUP_IRQHandler
                0x00000000080001c4                CAN2_SCE_IRQHandler
                0x00000000080001c4                DMA2_Stream2_IRQHandler
                0x00000000080001c4                SPI1_IRQHandler
                0x00000000080001c4                TIM6_DAC_IRQHandler
                0x00000000080001c4                TIM1_BRK_TIM9_IRQHandler
                0x00000000080001c4                DCMI_IRQHandler
                0x00000000080001c4                CAN2_RX0_IRQHandler
                0x00000000080001c4                DMA2_Stream3_IRQHandler
                0x00000000080001c4                SAI2_IRQHandler
                0x00000000080001c4                USART6_IRQHandler
                0x00000000080001c4                USART3_IRQHandler
                0x00000000080001c4                CAN1_RX1_IRQHandler
                0x00000000080001c4                UART5_IRQHandler
                0x00000000080001c4                DMA2_Stream0_IRQHandler
                0x00000000080001c4                I2C4_Error_IRQHandler
                0x00000000080001c4                TIM4_IRQHandler
                0x00000000080001c4                QUADSPI_IRQHandler
                0x00000000080001c4                I2C1_EV_IRQHandler
                0x00000000080001c4                DMA1_Stream6_IRQHandler
                0x00000000080001c4                UART4_IRQHandler
                0x00000000080001c4                TIM3_IRQHandler
                0x00000000080001c4                RCC_IRQHandler
                0x00000000080001c4                TIM8_BRK_TIM12_IRQHandler
                0x00000000080001c4                Default_Handler
                0x00000000080001c4                CEC_IRQHandler
                0x00000000080001c4                EXTI15_10_IRQHandler
                0x00000000080001c4                ADC_IRQHandler
                0x00000000080001c4                DMA1_Stream7_IRQHandler
                0x00000000080001c4                TIM7_IRQHandler
                0x00000000080001c4                CAN2_TX_IRQHandler
                0x00000000080001c4                TIM5_IRQHandler
                0x00000000080001c4                DMA2_Stream7_IRQHandler
                0x00000000080001c4                I2C3_EV_IRQHandler
                0x00000000080001c4                EXTI9_5_IRQHandler
                0x00000000080001c4                RTC_WKUP_IRQHandler
                0x00000000080001c4                SPDIF_RX_IRQHandler
                0x00000000080001c4                SPI2_IRQHandler
                0x00000000080001c4                OTG_HS_EP1_IN_IRQHandler
                0x00000000080001c4                DMA1_Stream0_IRQHandler
                0x00000000080001c4                CAN1_TX_IRQHandler
                0x00000000080001c4                EXTI4_IRQHandler
                0x00000000080001c4                OTG_HS_EP1_OUT_IRQHandler
                0x00000000080001c4                WWDG_IRQHandler
                0x00000000080001c4                TIM2_IRQHandler
                0x00000000080001c4                OTG_FS_WKUP_IRQHandler
                0x00000000080001c4                TIM1_TRG_COM_TIM11_IRQHandler
                0x00000000080001c4                OTG_HS_IRQHandler
                0x00000000080001c4                EXTI1_IRQHandler
                0x00000000080001c4                USART2_IRQHandler
                0x00000000080001c4                I2C2_ER_IRQHandler
                0x00000000080001c4                DMA2_Stream1_IRQHandler
                0x00000000080001c4                CAN1_SCE_IRQHandler
                0x00000000080001c4                FLASH_IRQHandler
                0x00000000080001c4                DMA2_Stream4_IRQHandler
                0x00000000080001c4                OTG_FS_IRQHandler
                0x00000000080001c4                SPI3_IRQHandler
                0x00000000080001c4                DMA1_Stream4_IRQHandler
                0x00000000080001c4                I2C1_ER_IRQHandler
                0x00000000080001c4                FMC_IRQHandler
                0x00000000080001c4                I2C4_Event_IRQHandler
                0x00000000080001c4                DMA2_Stream6_IRQHandler
                0x00000000080001c4                SAI1_IRQHandler
                0x00000000080001c4                DMA1_Stream3_IRQHandler
 .after_vectors
                0x00000000080001c8      0x12c system\src\cortexm\exception_handlers.o
                0x00000000080001c8                Reset_Handler
                0x00000000080001d2                HardFault_Handler
                0x00000000080001e6                HardFault_Handler_C
                0x000000000800025c                BusFault_Handler_C
                0x00000000080002a4                UsageFault_Handler_C
 .after_vectors
                0x00000000080002f4      0x114 system\src\newlib\_startup.o
                0x00000000080002f4                _start

.inits          0x0000000008000408       0x28
                0x0000000008000408                __data_regions_array_start = .
                0x0000000008000408        0x4 LONG 0x8007ca4 LOADADDR (.data)
                0x000000000800040c        0x4 LONG 0x20000000 ADDR (.data)
                0x0000000008000410        0x4 LONG 0x20000130 (ADDR (.data) + SIZEOF (.data))
                0x0000000008000414        0x4 LONG 0x8007ca4 LOADADDR (.data_CCMRAM)
                0x0000000008000418        0x4 LONG 0x10000000 ADDR (.data_CCMRAM)
                0x000000000800041c        0x4 LONG 0x10000000 (ADDR (.data_CCMRAM) + SIZEOF (.data_CCMRAM))
                0x0000000008000420                __data_regions_array_end = .
                0x0000000008000420                __bss_regions_array_start = .
                0x0000000008000420        0x4 LONG 0x20000130 ADDR (.bss)
                0x0000000008000424        0x4 LONG 0x20005380 (ADDR (.bss) + SIZEOF (.bss))
                0x0000000008000428        0x4 LONG 0x10000000 ADDR (.bss_CCMRAM)
                0x000000000800042c        0x4 LONG 0x10000000 (ADDR (.bss_CCMRAM) + SIZEOF (.bss_CCMRAM))
                0x0000000008000430                __bss_regions_array_end = .
 *(.init)
 *(.fini)
                0x0000000008000430                . = ALIGN (0x4)
                0x0000000008000430                PROVIDE (__preinit_array_start = .)
 *(.preinit_array_sysinit .preinit_array_sysinit.*)
 *(.preinit_array_platform .preinit_array_platform.*)
 *(.preinit_array .preinit_array.*)
                0x0000000008000430                PROVIDE (__preinit_array_end = .)
                0x0000000008000430                . = ALIGN (0x4)
                0x0000000008000430                PROVIDE (__init_array_start = .)
 *(SORT_BY_NAME(.init_array.*))
 *(.init_array)
                0x0000000008000430                PROVIDE (__init_array_end = .)
                0x0000000008000430                . = ALIGN (0x4)
                0x0000000008000430                PROVIDE (__fini_array_start = .)
 *(SORT_BY_NAME(.fini_array.*))
 *(.fini_array)
                0x0000000008000430                PROVIDE (__fini_array_end = .)

.flashtext
 *(.flashtext .flashtext.*)

.text           0x0000000008000430     0x7873
 *(.text .text.*)
 .text.LED_init
                0x0000000008000430      0x124 src\LEDs.o
                0x0000000008000430                LED_init
 .text.setSimpleLEDs
                0x0000000008000554       0x10 src\LEDs.o
                0x0000000008000554                setSimpleLEDs
 .text.updateLEDs
                0x0000000008000564       0x40 src\LEDs.o
                0x0000000008000564                updateLEDs
 .text.__initialize_hardware
                0x00000000080005a4       0x10 src\_initialize_hardware.o
                0x00000000080005a4                __initialize_hardware
 .text.getAccelAngle
                0x00000000080005b4        0xc src\accelerometer.o
                0x00000000080005b4                getAccelAngle
 .text.getHybridAngle
                0x00000000080005c0       0x44 src\accelerometer.o
                0x00000000080005c0                getHybridAngle
 .text.upToSpeed
                0x0000000008000604       0x14 src\accelerometer.o
                0x0000000008000604                upToSpeed
 .text.writeI2CReg8Blocking
                0x0000000008000618       0xb2 src\accelerometer.o
                0x0000000008000618                writeI2CReg8Blocking
 .text.readI2CReg16Blocking
                0x00000000080006ca      0x158 src\accelerometer.o
                0x00000000080006ca                readI2CReg16Blocking
 *fill*         0x0000000008000822        0x2 
 .text.I2C_ClearBusyFlagErratum
                0x0000000008000824      0x148 src\accelerometer.o
                0x0000000008000824                I2C_ClearBusyFlagErratum
 .text.initAccelerometer
                0x000000000800096c       0xac src\accelerometer.o
                0x000000000800096c                initAccelerometer
 .text.runAccelerometer
                0x0000000008000a18      0x140 src\accelerometer.o
                0x0000000008000a18                runAccelerometer
 .text.runHybridSensing
                0x0000000008000b58       0xb4 src\accelerometer.o
                0x0000000008000b58                runHybridSensing
 .text.initADCs
                0x0000000008000c0c       0x90 src\adcs.o
                0x0000000008000c0c                initADCs
 .text.getPhotoDiode
                0x0000000008000c9c        0xc src\adcs.o
                0x0000000008000c9c                getPhotoDiode
 .text.createBlankFrame
                0x0000000008000ca8       0x2a src\animations.o
                0x0000000008000ca8                createBlankFrame
 .text.createMonocolorFrame
                0x0000000008000cd2       0x4c src\animations.o
                0x0000000008000cd2                createMonocolorFrame
 .text.addBlankFrame
                0x0000000008000d1e        0xe src\animations.o
                0x0000000008000d1e                addBlankFrame
 .text.addMonocolorFrame
                0x0000000008000d2c       0x20 src\animations.o
                0x0000000008000d2c                addMonocolorFrame
 .text.setAnimation
                0x0000000008000d4c       0x8c src\animations.o
                0x0000000008000d4c                setAnimation
 .text.runTimeAnimation
                0x0000000008000dd8       0x48 src\animations.o
                0x0000000008000dd8                runTimeAnimation
 .text.runPOVAnimation
                0x0000000008000e20       0x5c src\animations.o
                0x0000000008000e20                runPOVAnimation
 .text.initSafeAnimation
                0x0000000008000e7c       0x6c src\animations.o
                0x0000000008000e7c                initSafeAnimation
 .text.initIdleAnimation
                0x0000000008000ee8       0x6c src\animations.o
                0x0000000008000ee8                initIdleAnimation
 .text.initPreJukeAnimation
                0x0000000008000f54       0x6c src\animations.o
                0x0000000008000f54                initPreJukeAnimation
 .text.initJukeAnimation
                0x0000000008000fc0       0x68 src\animations.o
                0x0000000008000fc0                initJukeAnimation
 .text.initDriveAnimation
                0x0000000008001028       0x68 src\animations.o
                0x0000000008001028                initDriveAnimation
 .text.initSpinAnimation
                0x0000000008001090      0x24c src\animations.o
                0x0000000008001090                initSpinAnimation
 .text.initAnimations
                0x00000000080012dc       0x20 src\animations.o
                0x00000000080012dc                initAnimations
 .text.Error_Handler
                0x00000000080012fc       0x10 src\main.o
                0x00000000080012fc                Error_Handler
 .text.MX_DAC_Init
                0x000000000800130c       0x54 src\main.o
 .text.SystemClock_Config
                0x0000000008001360       0xa8 src\main.o
                0x0000000008001360                SystemClock_Config
 .text.main     0x0000000008001408       0x14 src\main.o
                0x0000000008001408                main
 .text.assert_failed
                0x000000000800141c       0x14 src\main.o
                0x000000000800141c                assert_failed
 .text.initMotors
                0x0000000008001430      0x128 src\motors.o
                0x0000000008001430                initMotors
 .text.setMotorSpeed
                0x0000000008001558       0x24 src\motors.o
                0x0000000008001558                setMotorSpeed
 .text.issueDshotCommand
                0x000000000800157c       0x9c src\motors.o
                0x000000000800157c                issueDshotCommand
 .text.runMotors
                0x0000000008001618      0x110 src\motors.o
                0x0000000008001618                runMotors
 .text.initSerial
                0x0000000008001728       0x88 src\serial.o
                0x0000000008001728                initSerial
 .text.HAL_UART_RxCpltCallback
                0x00000000080017b0       0x70 src\serial.o
                0x00000000080017b0                HAL_UART_RxCpltCallback
 .text.DMA1_Stream1_IRQHandler
                0x0000000008001820       0x10 src\serial.o
                0x0000000008001820                DMA1_Stream1_IRQHandler
 .text.USART1_IRQHandler
                0x0000000008001830       0x10 src\serial.o
                0x0000000008001830                USART1_IRQHandler
 .text.isControlled
                0x0000000008001840       0x24 src\serial.o
                0x0000000008001840                isControlled
 .text.isEnabled
                0x0000000008001864       0x14 src\serial.o
                0x0000000008001864                isEnabled
 .text.commandedThrottle
                0x0000000008001878        0xc src\serial.o
                0x0000000008001878                commandedThrottle
 .text.getMeltyThrottle
                0x0000000008001884        0xc src\serial.o
                0x0000000008001884                getMeltyThrottle
 .text.getMeltyAngle
                0x0000000008001890        0xc src\serial.o
                0x0000000008001890                getMeltyAngle
 .text.getThumbX
                0x000000000800189c        0xc src\serial.o
                0x000000000800189c                getThumbX
 .text.getThumbY
                0x00000000080018a8        0xc src\serial.o
                0x00000000080018a8                getThumbY
 .text.getDirSwitch
                0x00000000080018b4       0x18 src\serial.o
                0x00000000080018b4                getDirSwitch
 .text.getStickSwitch
                0x00000000080018cc       0x10 src\serial.o
                0x00000000080018cc                getStickSwitch
 .text.SquareRootRounded
                0x00000000080018dc       0x2e src\serial.o
                0x00000000080018dc                SquareRootRounded
 *fill*         0x000000000800190a        0x6 
 .text.receiveSerial
                0x0000000008001910       0xe8 src\serial.o
                0x0000000008001910                receiveSerial
 .text.HAL_MspInit
                0x00000000080019f8        0x2 src\stm32f4xx_hal_msp.o
                0x00000000080019f8                HAL_MspInit
 .text.NMI_Handler
                0x00000000080019fa        0x2 src\stm32f4xx_it.o
                0x00000000080019fa                NMI_Handler
 .text.MemManage_Handler
                0x00000000080019fc        0x2 src\stm32f4xx_it.o
                0x00000000080019fc                MemManage_Handler
 .text.BusFault_Handler
                0x00000000080019fe        0x2 src\stm32f4xx_it.o
                0x00000000080019fe                BusFault_Handler
 .text.UsageFault_Handler
                0x0000000008001a00        0x2 src\stm32f4xx_it.o
                0x0000000008001a00                UsageFault_Handler
 .text.SVC_Handler
                0x0000000008001a02        0x2 src\stm32f4xx_it.o
                0x0000000008001a02                SVC_Handler
 .text.DebugMon_Handler
                0x0000000008001a04        0x2 src\stm32f4xx_it.o
                0x0000000008001a04                DebugMon_Handler
 .text.PendSV_Handler
                0x0000000008001a06        0x2 src\stm32f4xx_it.o
                0x0000000008001a06                PendSV_Handler
 .text.SysTick_Handler
                0x0000000008001a08        0x8 src\stm32f4xx_it.o
                0x0000000008001a08                SysTick_Handler
 .text.SystemInit
                0x0000000008001a10       0x40 src\system_stm32f4xx.o
                0x0000000008001a10                SystemInit
 .text.SystemCoreClockUpdate
                0x0000000008001a50       0x90 src\system_stm32f4xx.o
                0x0000000008001a50                SystemCoreClockUpdate
 .text.getMicroseconds
                0x0000000008001ae0        0xc src\time.o
                0x0000000008001ae0                getMicroseconds
 .text.getMilliseconds
                0x0000000008001aec        0xc src\time.o
                0x0000000008001aec                getMilliseconds
 .text.resetTimers
                0x0000000008001af8       0x18 src\time.o
                0x0000000008001af8                resetTimers
 .text.initTimers
                0x0000000008001b10       0x90 src\time.o
                0x0000000008001b10                initTimers
 .text.setState
                0x0000000008001ba0       0x94 src\topLoop.o
                0x0000000008001ba0                setState
 .text.loop     0x0000000008001c34      0x3b0 src\topLoop.o
                0x0000000008001c34                loop
 .text.initWatchdog
                0x0000000008001fe4       0x20 src\watchdog.o
                0x0000000008001fe4                initWatchdog
 .text.feedWatchdog
                0x0000000008002004       0x10 src\watchdog.o
                0x0000000008002004                feedWatchdog
 .text.__initialize_hardware_early
                0x0000000008002014       0x18 system\src\cortexm\_initialize_hardware.o
                0x0000000008002014                __initialize_hardware_early
 .text.dumpExceptionStack
                0x000000000800202c       0xf4 system\src\cortexm\exception_handlers.o
                0x000000000800202c                dumpExceptionStack
 .text.isSemihosting
                0x0000000008002120      0x100 system\src\cortexm\exception_handlers.o
                0x0000000008002120                isSemihosting
 .text.trace_printf
                0x0000000008002220       0x34 system\src\diag\Trace.o
                0x0000000008002220                trace_printf
 .text._trace_write_semihosting_debug
                0x0000000008002254       0x60 system\src\diag\trace_impl.o
 .text.trace_write
                0x00000000080022b4        0x8 system\src\diag\trace_impl.o
                0x00000000080022b4                trace_write
 .text._sbrk    0x00000000080022bc       0x44 system\src\newlib\_sbrk.o
                0x00000000080022bc                _sbrk
 .text.get_errno
                0x0000000008002300       0x12 system\src\newlib\_syscalls.o
 .text.error    0x0000000008002312       0x14 system\src\newlib\_syscalls.o
 .text.checkerror
                0x0000000008002326       0x10 system\src\newlib\_syscalls.o
 *fill*         0x0000000008002336        0x2 
 .text.findslot
                0x0000000008002338       0x3c system\src\newlib\_syscalls.o
 .text._exit    0x0000000008002374       0x20 system\src\newlib\_syscalls.o
                0x0000000008002374                _exit
 .text.initialise_monitor_handles
                0x0000000008002394       0xa8 system\src\newlib\_syscalls.o
                0x0000000008002394                initialise_monitor_handles
 .text.__initialize_args
                0x000000000800243c       0xbc system\src\newlib\_syscalls.o
                0x000000000800243c                __initialize_args
 .text._swiread
                0x00000000080024f8       0x20 system\src\newlib\_syscalls.o
                0x00000000080024f8                _swiread
 .text._read    0x0000000008002518       0x36 system\src\newlib\_syscalls.o
                0x0000000008002518                _read
 .text._swilseek
                0x000000000800254e       0xaa system\src\newlib\_syscalls.o
                0x000000000800254e                _swilseek
 .text._lseek   0x00000000080025f8        0x8 system\src\newlib\_syscalls.o
                0x00000000080025f8                _lseek
 .text._swiwrite
                0x0000000008002600       0x20 system\src\newlib\_syscalls.o
                0x0000000008002600                _swiwrite
 .text._write   0x0000000008002620       0x46 system\src\newlib\_syscalls.o
                0x0000000008002620                _write
 .text._swiclose
                0x0000000008002666       0x1c system\src\newlib\_syscalls.o
                0x0000000008002666                _swiclose
 *fill*         0x0000000008002682        0x2 
 .text._close   0x0000000008002684       0x4c system\src\newlib\_syscalls.o
                0x0000000008002684                _close
 .text._swistat
                0x00000000080026d0       0x44 system\src\newlib\_syscalls.o
                0x00000000080026d0                _swistat
 .text._fstat   0x0000000008002714       0x1a system\src\newlib\_syscalls.o
                0x0000000008002714                _fstat
 .text._isatty  0x000000000800272e       0x36 system\src\newlib\_syscalls.o
                0x000000000800272e                _isatty
 .text.HAL_InitTick
                0x0000000008002764       0x2c system\src\stm32f4-hal\stm32f4xx_hal.o
                0x0000000008002764                HAL_InitTick
 .text.HAL_Init
                0x0000000008002790       0x34 system\src\stm32f4-hal\stm32f4xx_hal.o
                0x0000000008002790                HAL_Init
 .text.HAL_IncTick
                0x00000000080027c4       0x10 system\src\stm32f4-hal\stm32f4xx_hal.o
                0x00000000080027c4                HAL_IncTick
 .text.HAL_GetTick
                0x00000000080027d4        0xc system\src\stm32f4-hal\stm32f4xx_hal.o
                0x00000000080027d4                HAL_GetTick
 .text.ADC_Init
                0x00000000080027e0      0x158 system\src\stm32f4-hal\stm32f4xx_hal_adc.o
 .text.HAL_ADC_MspInit
                0x0000000008002938        0x2 system\src\stm32f4-hal\stm32f4xx_hal_adc.o
                0x0000000008002938                HAL_ADC_MspInit
 *fill*         0x000000000800293a        0x2 
 .text.HAL_ADC_Init
                0x000000000800293c      0x1ec system\src\stm32f4-hal\stm32f4xx_hal_adc.o
                0x000000000800293c                HAL_ADC_Init
 .text.HAL_ADC_Start
                0x0000000008002b28      0x134 system\src\stm32f4-hal\stm32f4xx_hal_adc.o
                0x0000000008002b28                HAL_ADC_Start
 .text.HAL_ADC_ConfigChannel
                0x0000000008002c5c      0x1d8 system\src\stm32f4-hal\stm32f4xx_hal_adc.o
                0x0000000008002c5c                HAL_ADC_ConfigChannel
 .text.HAL_NVIC_SetPriorityGrouping
                0x0000000008002e34       0x3c system\src\stm32f4-hal\stm32f4xx_hal_cortex.o
                0x0000000008002e34                HAL_NVIC_SetPriorityGrouping
 .text.HAL_NVIC_SetPriority
                0x0000000008002e70       0x8c system\src\stm32f4-hal\stm32f4xx_hal_cortex.o
                0x0000000008002e70                HAL_NVIC_SetPriority
 .text.HAL_NVIC_EnableIRQ
                0x0000000008002efc       0x2c system\src\stm32f4-hal\stm32f4xx_hal_cortex.o
                0x0000000008002efc                HAL_NVIC_EnableIRQ
 .text.HAL_SYSTICK_Config
                0x0000000008002f28       0x2c system\src\stm32f4-hal\stm32f4xx_hal_cortex.o
                0x0000000008002f28                HAL_SYSTICK_Config
 .text.HAL_DAC_MspInit
                0x0000000008002f54        0x2 system\src\stm32f4-hal\stm32f4xx_hal_dac.o
                0x0000000008002f54                HAL_DAC_MspInit
 *fill*         0x0000000008002f56        0x2 
 .text.HAL_DAC_Init
                0x0000000008002f58       0x40 system\src\stm32f4-hal\stm32f4xx_hal_dac.o
                0x0000000008002f58                HAL_DAC_Init
 .text.HAL_DAC_ConfigChannel
                0x0000000008002f98       0xa8 system\src\stm32f4-hal\stm32f4xx_hal_dac.o
                0x0000000008002f98                HAL_DAC_ConfigChannel
 .text.HAL_DMA_Abort_IT
                0x0000000008003040       0x26 system\src\stm32f4-hal\stm32f4xx_hal_dma.o
                0x0000000008003040                HAL_DMA_Abort_IT
 *fill*         0x0000000008003066        0x2 
 .text.HAL_DMA_IRQHandler
                0x0000000008003068      0x1e4 system\src\stm32f4-hal\stm32f4xx_hal_dma.o
                0x0000000008003068                HAL_DMA_IRQHandler
 .text.HAL_GPIO_Init
                0x000000000800324c      0x2e4 system\src\stm32f4-hal\stm32f4xx_hal_gpio.o
                0x000000000800324c                HAL_GPIO_Init
 .text.HAL_GPIO_ReadPin
                0x0000000008003530       0x28 system\src\stm32f4-hal\stm32f4xx_hal_gpio.o
                0x0000000008003530                HAL_GPIO_ReadPin
 .text.HAL_GPIO_WritePin
                0x0000000008003558       0x38 system\src\stm32f4-hal\stm32f4xx_hal_gpio.o
                0x0000000008003558                HAL_GPIO_WritePin
 .text.HAL_I2C_MspInit
                0x0000000008003590        0x2 system\src\stm32f4-hal\stm32f4xx_hal_i2c.o
                0x0000000008003590                HAL_I2C_MspInit
 *fill*         0x0000000008003592        0x2 
 .text.HAL_I2C_Init
                0x0000000008003594      0x1f8 system\src\stm32f4-hal\stm32f4xx_hal_i2c.o
                0x0000000008003594                HAL_I2C_Init
 .text.HAL_IWDG_Init
                0x000000000800378c       0x88 system\src\stm32f4-hal\stm32f4xx_hal_iwdg.o
                0x000000000800378c                HAL_IWDG_Init
 .text.HAL_IWDG_Refresh
                0x0000000008003814        0xc system\src\stm32f4-hal\stm32f4xx_hal_iwdg.o
                0x0000000008003814                HAL_IWDG_Refresh
 .text.HAL_RCC_OscConfig
                0x0000000008003820      0x43c system\src\stm32f4-hal\stm32f4xx_hal_rcc.o
                0x0000000008003820                HAL_RCC_OscConfig
 .text.HAL_RCC_GetSysClockFreq
                0x0000000008003c5c       0x80 system\src\stm32f4-hal\stm32f4xx_hal_rcc.o
                0x0000000008003c5c                HAL_RCC_GetSysClockFreq
 .text.HAL_RCC_ClockConfig
                0x0000000008003cdc      0x258 system\src\stm32f4-hal\stm32f4xx_hal_rcc.o
                0x0000000008003cdc                HAL_RCC_ClockConfig
 .text.HAL_RCC_GetHCLKFreq
                0x0000000008003f34        0xc system\src\stm32f4-hal\stm32f4xx_hal_rcc.o
                0x0000000008003f34                HAL_RCC_GetHCLKFreq
 .text.HAL_RCC_GetPCLK1Freq
                0x0000000008003f40       0x2c system\src\stm32f4-hal\stm32f4xx_hal_rcc.o
                0x0000000008003f40                HAL_RCC_GetPCLK1Freq
 .text.HAL_RCC_GetPCLK2Freq
                0x0000000008003f6c       0x2c system\src\stm32f4-hal\stm32f4xx_hal_rcc.o
                0x0000000008003f6c                HAL_RCC_GetPCLK2Freq
 .text.SPI_WaitFlagStateUntilTimeout
                0x0000000008003f98       0x96 system\src\stm32f4-hal\stm32f4xx_hal_spi.o
 .text.SPI_CheckFlag_BSY
                0x000000000800402e       0x28 system\src\stm32f4-hal\stm32f4xx_hal_spi.o
 .text.HAL_SPI_MspInit
                0x0000000008004056        0x2 system\src\stm32f4-hal\stm32f4xx_hal_spi.o
                0x0000000008004056                HAL_SPI_MspInit
 .text.HAL_SPI_Init
                0x0000000008004058      0x1dc system\src\stm32f4-hal\stm32f4xx_hal_spi.o
                0x0000000008004058                HAL_SPI_Init
 .text.HAL_SPI_Transmit
                0x0000000008004234      0x1e8 system\src\stm32f4-hal\stm32f4xx_hal_spi.o
                0x0000000008004234                HAL_SPI_Transmit
 .text.TIM_TI1_ConfigInputStage
                0x000000000800441c       0x24 system\src\stm32f4-hal\stm32f4xx_hal_tim.o
 .text.TIM_TI2_ConfigInputStage
                0x0000000008004440       0x26 system\src\stm32f4-hal\stm32f4xx_hal_tim.o
 .text.TIM_ITRx_SetConfig
                0x0000000008004466       0x10 system\src\stm32f4-hal\stm32f4xx_hal_tim.o
 .text.TIM_ETR_SetConfig
                0x0000000008004476       0x16 system\src\stm32f4-hal\stm32f4xx_hal_tim.o
 .text.HAL_TIM_ConfigClockSource
                0x000000000800448c      0x5c8 system\src\stm32f4-hal\stm32f4xx_hal_tim.o
                0x000000000800448c                HAL_TIM_ConfigClockSource
 .text.TIM_CCxChannelCmd
                0x0000000008004a54       0xb0 system\src\stm32f4-hal\stm32f4xx_hal_tim.o
                0x0000000008004a54                TIM_CCxChannelCmd
 .text.HAL_TIM_PWM_Start
                0x0000000008004b04       0xec system\src\stm32f4-hal\stm32f4xx_hal_tim.o
                0x0000000008004b04                HAL_TIM_PWM_Start
 .text.UART_EndRxTransfer
                0x0000000008004bf0       0x1c system\src\stm32f4-hal\stm32f4xx_hal_uart.o
 .text.UART_Transmit_IT
                0x0000000008004c0c       0x64 system\src\stm32f4-hal\stm32f4xx_hal_uart.o
 .text.UART_SetConfig
                0x0000000008004c70      0x3a0 system\src\stm32f4-hal\stm32f4xx_hal_uart.o
 .text.HAL_UART_MspInit
                0x0000000008005010        0x2 system\src\stm32f4-hal\stm32f4xx_hal_uart.o
                0x0000000008005010                HAL_UART_MspInit
 *fill*         0x0000000008005012        0x2 
 .text.HAL_UART_Init
                0x0000000008005014      0x124 system\src\stm32f4-hal\stm32f4xx_hal_uart.o
                0x0000000008005014                HAL_UART_Init
 .text.HAL_UART_Receive_IT
                0x0000000008005138       0x5c system\src\stm32f4-hal\stm32f4xx_hal_uart.o
                0x0000000008005138                HAL_UART_Receive_IT
 .text.HAL_UART_TxCpltCallback
                0x0000000008005194        0x2 system\src\stm32f4-hal\stm32f4xx_hal_uart.o
                0x0000000008005194                HAL_UART_TxCpltCallback
 .text.UART_EndTransmit_IT
                0x0000000008005196       0x1a system\src\stm32f4-hal\stm32f4xx_hal_uart.o
 .text.UART_Receive_IT
                0x00000000080051b0       0x92 system\src\stm32f4-hal\stm32f4xx_hal_uart.o
 .text.HAL_UART_ErrorCallback
                0x0000000008005242        0x2 system\src\stm32f4-hal\stm32f4xx_hal_uart.o
                0x0000000008005242                HAL_UART_ErrorCallback
 .text.HAL_UART_IRQHandler
                0x0000000008005244      0x128 system\src\stm32f4-hal\stm32f4xx_hal_uart.o
                0x0000000008005244                HAL_UART_IRQHandler
 .text.UART_DMAAbortOnError
                0x000000000800536c       0x10 system\src\stm32f4-hal\stm32f4xx_hal_uart.o
 .text.atan2    0x000000000800537c        0x4 c:/users/swallen/appdata/roaming/xpacks/@gnu-mcu-eclipse/arm-none-eabi-gcc/8.2.1-1.3.1/.content/bin/../lib/gcc/arm-none-eabi/8.2.1/../../../../arm-none-eabi/lib/thumb/v7e-m/nofp\libm.a(lib_a-w_atan2.o)
                0x000000000800537c                atan2
 .text.sqrt     0x0000000008005380       0xc0 c:/users/swallen/appdata/roaming/xpacks/@gnu-mcu-eclipse/arm-none-eabi-gcc/8.2.1-1.3.1/.content/bin/../lib/gcc/arm-none-eabi/8.2.1/../../../../arm-none-eabi/lib/thumb/v7e-m/nofp\libm.a(lib_a-w_sqrt.o)
                0x0000000008005380                sqrt
 .text.__ieee754_atan2
                0x0000000008005440      0x1b4 c:/users/swallen/appdata/roaming/xpacks/@gnu-mcu-eclipse/arm-none-eabi-gcc/8.2.1-1.3.1/.content/bin/../lib/gcc/arm-none-eabi/8.2.1/../../../../arm-none-eabi/lib/thumb/v7e-m/nofp\libm.a(lib_a-e_atan2.o)
                0x0000000008005440                __ieee754_atan2
 .text.__ieee754_sqrt
                0x00000000080055f4      0x184 c:/users/swallen/appdata/roaming/xpacks/@gnu-mcu-eclipse/arm-none-eabi-gcc/8.2.1-1.3.1/.content/bin/../lib/gcc/arm-none-eabi/8.2.1/../../../../arm-none-eabi/lib/thumb/v7e-m/nofp\libm.a(lib_a-e_sqrt.o)
                0x00000000080055f4                __ieee754_sqrt
 .text.atan     0x0000000008005778      0x314 c:/users/swallen/appdata/roaming/xpacks/@gnu-mcu-eclipse/arm-none-eabi-gcc/8.2.1-1.3.1/.content/bin/../lib/gcc/arm-none-eabi/8.2.1/../../../../arm-none-eabi/lib/thumb/v7e-m/nofp\libm.a(lib_a-s_atan.o)
                0x0000000008005778                atan
 .text.fabs     0x0000000008005a8c        0x8 c:/users/swallen/appdata/roaming/xpacks/@gnu-mcu-eclipse/arm-none-eabi-gcc/8.2.1-1.3.1/.content/bin/../lib/gcc/arm-none-eabi/8.2.1/../../../../arm-none-eabi/lib/thumb/v7e-m/nofp\libm.a(lib_a-s_fabs.o)
                0x0000000008005a8c                fabs
 .text.matherr  0x0000000008005a94        0x4 c:/users/swallen/appdata/roaming/xpacks/@gnu-mcu-eclipse/arm-none-eabi-gcc/8.2.1-1.3.1/.content/bin/../lib/gcc/arm-none-eabi/8.2.1/../../../../arm-none-eabi/lib/thumb/v7e-m/nofp\libm.a(lib_a-s_matherr.o)
                0x0000000008005a94                matherr
 .text          0x0000000008005a98      0x378 c:/users/swallen/appdata/roaming/xpacks/@gnu-mcu-eclipse/arm-none-eabi-gcc/8.2.1-1.3.1/.content/bin/../lib/gcc/arm-none-eabi/8.2.1/thumb/v7e-m/nofp\libgcc.a(_arm_addsubdf3.o)
                0x0000000008005a98                __aeabi_drsub
                0x0000000008005aa0                __aeabi_dsub
                0x0000000008005aa0                __subdf3
                0x0000000008005aa4                __aeabi_dadd
                0x0000000008005aa4                __adddf3
                0x0000000008005d1c                __floatunsidf
                0x0000000008005d1c                __aeabi_ui2d
                0x0000000008005d3c                __floatsidf
                0x0000000008005d3c                __aeabi_i2d
                0x0000000008005d60                __aeabi_f2d
                0x0000000008005d60                __extendsfdf2
                0x0000000008005da4                __floatundidf
                0x0000000008005da4                __aeabi_ul2d
                0x0000000008005db4                __floatdidf
                0x0000000008005db4                __aeabi_l2d
 .text          0x0000000008005e10      0x424 c:/users/swallen/appdata/roaming/xpacks/@gnu-mcu-eclipse/arm-none-eabi-gcc/8.2.1-1.3.1/.content/bin/../lib/gcc/arm-none-eabi/8.2.1/thumb/v7e-m/nofp\libgcc.a(_arm_muldivdf3.o)
                0x0000000008005e10                __aeabi_dmul
                0x0000000008005e10                __muldf3
                0x0000000008006064                __divdf3
                0x0000000008006064                __aeabi_ddiv
 .text          0x0000000008006234      0x110 c:/users/swallen/appdata/roaming/xpacks/@gnu-mcu-eclipse/arm-none-eabi-gcc/8.2.1-1.3.1/.content/bin/../lib/gcc/arm-none-eabi/8.2.1/thumb/v7e-m/nofp\libgcc.a(_arm_cmpdf2.o)
                0x0000000008006234                __gtdf2
                0x0000000008006234                __gedf2
                0x000000000800623c                __ltdf2
                0x000000000800623c                __ledf2
                0x0000000008006244                __nedf2
                0x0000000008006244                __eqdf2
                0x0000000008006244                __cmpdf2
                0x00000000080062c0                __aeabi_cdrcmple
                0x00000000080062d0                __aeabi_cdcmpeq
                0x00000000080062d0                __aeabi_cdcmple
                0x00000000080062e0                __aeabi_dcmpeq
                0x00000000080062f4                __aeabi_dcmplt
                0x0000000008006308                __aeabi_dcmple
                0x000000000800631c                __aeabi_dcmpge
                0x0000000008006330                __aeabi_dcmpgt
 .text          0x0000000008006344       0x2c c:/users/swallen/appdata/roaming/xpacks/@gnu-mcu-eclipse/arm-none-eabi-gcc/8.2.1-1.3.1/.content/bin/../lib/gcc/arm-none-eabi/8.2.1/thumb/v7e-m/nofp\libgcc.a(_arm_unorddf2.o)
                0x0000000008006344                __unorddf2
                0x0000000008006344                __aeabi_dcmpun
 .text          0x0000000008006370       0x50 c:/users/swallen/appdata/roaming/xpacks/@gnu-mcu-eclipse/arm-none-eabi-gcc/8.2.1-1.3.1/.content/bin/../lib/gcc/arm-none-eabi/8.2.1/thumb/v7e-m/nofp\libgcc.a(_arm_fixdfsi.o)
                0x0000000008006370                __aeabi_d2iz
                0x0000000008006370                __fixdfsi
 .text          0x00000000080063c0       0x40 c:/users/swallen/appdata/roaming/xpacks/@gnu-mcu-eclipse/arm-none-eabi-gcc/8.2.1-1.3.1/.content/bin/../lib/gcc/arm-none-eabi/8.2.1/thumb/v7e-m/nofp\libgcc.a(_arm_fixunsdfsi.o)
                0x00000000080063c0                __aeabi_d2uiz
                0x00000000080063c0                __fixunsdfsi
 .text.__errno  0x0000000008006400        0xc c:/users/swallen/appdata/roaming/xpacks/@gnu-mcu-eclipse/arm-none-eabi-gcc/8.2.1-1.3.1/.content/bin/../lib/gcc/arm-none-eabi/8.2.1/../../../../arm-none-eabi/lib/thumb/v7e-m/nofp\libg_nano.a(lib_a-errno.o)
                0x0000000008006400                __errno
 .text.std      0x000000000800640c       0x48 c:/users/swallen/appdata/roaming/xpacks/@gnu-mcu-eclipse/arm-none-eabi-gcc/8.2.1-1.3.1/.content/bin/../lib/gcc/arm-none-eabi/8.2.1/../../../../arm-none-eabi/lib/thumb/v7e-m/nofp\libg_nano.a(lib_a-findfp.o)
 .text._cleanup_r
                0x0000000008006454        0xc c:/users/swallen/appdata/roaming/xpacks/@gnu-mcu-eclipse/arm-none-eabi-gcc/8.2.1-1.3.1/.content/bin/../lib/gcc/arm-none-eabi/8.2.1/../../../../arm-none-eabi/lib/thumb/v7e-m/nofp\libg_nano.a(lib_a-findfp.o)
                0x0000000008006454                _cleanup_r
 .text.__sfmoreglue
                0x0000000008006460       0x2c c:/users/swallen/appdata/roaming/xpacks/@gnu-mcu-eclipse/arm-none-eabi-gcc/8.2.1-1.3.1/.content/bin/../lib/gcc/arm-none-eabi/8.2.1/../../../../arm-none-eabi/lib/thumb/v7e-m/nofp\libg_nano.a(lib_a-findfp.o)
                0x0000000008006460                __sfmoreglue
 .text.__sfp_lock_acquire
                0x000000000800648c        0xc c:/users/swallen/appdata/roaming/xpacks/@gnu-mcu-eclipse/arm-none-eabi-gcc/8.2.1-1.3.1/.content/bin/../lib/gcc/arm-none-eabi/8.2.1/../../../../arm-none-eabi/lib/thumb/v7e-m/nofp\libg_nano.a(lib_a-findfp.o)
                0x000000000800648c                __sfp_lock_acquire
 .text.__sfp_lock_release
                0x0000000008006498        0xc c:/users/swallen/appdata/roaming/xpacks/@gnu-mcu-eclipse/arm-none-eabi-gcc/8.2.1-1.3.1/.content/bin/../lib/gcc/arm-none-eabi/8.2.1/../../../../arm-none-eabi/lib/thumb/v7e-m/nofp\libg_nano.a(lib_a-findfp.o)
                0x0000000008006498                __sfp_lock_release
 .text.__sinit_lock_acquire
                0x00000000080064a4        0xc c:/users/swallen/appdata/roaming/xpacks/@gnu-mcu-eclipse/arm-none-eabi-gcc/8.2.1-1.3.1/.content/bin/../lib/gcc/arm-none-eabi/8.2.1/../../../../arm-none-eabi/lib/thumb/v7e-m/nofp\libg_nano.a(lib_a-findfp.o)
                0x00000000080064a4                __sinit_lock_acquire
 .text.__sinit_lock_release
                0x00000000080064b0        0xc c:/users/swallen/appdata/roaming/xpacks/@gnu-mcu-eclipse/arm-none-eabi-gcc/8.2.1-1.3.1/.content/bin/../lib/gcc/arm-none-eabi/8.2.1/../../../../arm-none-eabi/lib/thumb/v7e-m/nofp\libg_nano.a(lib_a-findfp.o)
                0x00000000080064b0                __sinit_lock_release
 .text.__sinit  0x00000000080064bc       0x70 c:/users/swallen/appdata/roaming/xpacks/@gnu-mcu-eclipse/arm-none-eabi-gcc/8.2.1-1.3.1/.content/bin/../lib/gcc/arm-none-eabi/8.2.1/../../../../arm-none-eabi/lib/thumb/v7e-m/nofp\libg_nano.a(lib_a-findfp.o)
                0x00000000080064bc                __sinit
 .text.__sfp    0x000000000800652c       0x8c c:/users/swallen/appdata/roaming/xpacks/@gnu-mcu-eclipse/arm-none-eabi-gcc/8.2.1-1.3.1/.content/bin/../lib/gcc/arm-none-eabi/8.2.1/../../../../arm-none-eabi/lib/thumb/v7e-m/nofp\libg_nano.a(lib_a-findfp.o)
                0x000000000800652c                __sfp
 .text._fwalk_reent
                0x00000000080065b8       0x3c c:/users/swallen/appdata/roaming/xpacks/@gnu-mcu-eclipse/arm-none-eabi-gcc/8.2.1-1.3.1/.content/bin/../lib/gcc/arm-none-eabi/8.2.1/../../../../arm-none-eabi/lib/thumb/v7e-m/nofp\libg_nano.a(lib_a-fwalk.o)
                0x00000000080065b8                _fwalk_reent
 .text.__retarget_lock_init_recursive
                0x00000000080065f4        0x2 c:/users/swallen/appdata/roaming/xpacks/@gnu-mcu-eclipse/arm-none-eabi-gcc/8.2.1-1.3.1/.content/bin/../lib/gcc/arm-none-eabi/8.2.1/../../../../arm-none-eabi/lib/thumb/v7e-m/nofp\libg_nano.a(lib_a-lock.o)
                0x00000000080065f4                __retarget_lock_init_recursive
 .text.__retarget_lock_acquire_recursive
                0x00000000080065f6        0x2 c:/users/swallen/appdata/roaming/xpacks/@gnu-mcu-eclipse/arm-none-eabi-gcc/8.2.1-1.3.1/.content/bin/../lib/gcc/arm-none-eabi/8.2.1/../../../../arm-none-eabi/lib/thumb/v7e-m/nofp\libg_nano.a(lib_a-lock.o)
                0x00000000080065f6                __retarget_lock_acquire_recursive
 .text.__retarget_lock_release_recursive
                0x00000000080065f8        0x2 c:/users/swallen/appdata/roaming/xpacks/@gnu-mcu-eclipse/arm-none-eabi-gcc/8.2.1-1.3.1/.content/bin/../lib/gcc/arm-none-eabi/8.2.1/../../../../arm-none-eabi/lib/thumb/v7e-m/nofp\libg_nano.a(lib_a-lock.o)
                0x00000000080065f8                __retarget_lock_release_recursive
 *fill*         0x00000000080065fa        0x2 
 .text.malloc   0x00000000080065fc       0x10 c:/users/swallen/appdata/roaming/xpacks/@gnu-mcu-eclipse/arm-none-eabi-gcc/8.2.1-1.3.1/.content/bin/../lib/gcc/arm-none-eabi/8.2.1/../../../../arm-none-eabi/lib/thumb/v7e-m/nofp\libg_nano.a(lib_a-malloc.o)
                0x00000000080065fc                malloc
 .text.memset   0x000000000800660c       0x10 c:/users/swallen/appdata/roaming/xpacks/@gnu-mcu-eclipse/arm-none-eabi-gcc/8.2.1-1.3.1/.content/bin/../lib/gcc/arm-none-eabi/8.2.1/../../../../arm-none-eabi/lib/thumb/v7e-m/nofp\libg_nano.a(lib_a-memset.o)
                0x000000000800660c                memset
 .text._free_r  0x000000000800661c       0x9c c:/users/swallen/appdata/roaming/xpacks/@gnu-mcu-eclipse/arm-none-eabi-gcc/8.2.1-1.3.1/.content/bin/../lib/gcc/arm-none-eabi/8.2.1/../../../../arm-none-eabi/lib/thumb/v7e-m/nofp\libg_nano.a(lib_a-nano-freer.o)
                0x000000000800661c                _free_r
 .text._malloc_r
                0x00000000080066b8       0xb4 c:/users/swallen/appdata/roaming/xpacks/@gnu-mcu-eclipse/arm-none-eabi-gcc/8.2.1-1.3.1/.content/bin/../lib/gcc/arm-none-eabi/8.2.1/../../../../arm-none-eabi/lib/thumb/v7e-m/nofp\libg_nano.a(lib_a-nano-mallocr.o)
                0x00000000080066b8                _malloc_r
 .text.printf   0x000000000800676c       0x30 c:/users/swallen/appdata/roaming/xpacks/@gnu-mcu-eclipse/arm-none-eabi-gcc/8.2.1-1.3.1/.content/bin/../lib/gcc/arm-none-eabi/8.2.1/../../../../arm-none-eabi/lib/thumb/v7e-m/nofp\libg_nano.a(lib_a-printf.o)
                0x000000000800676c                iprintf
                0x000000000800676c                printf
 .text._sbrk_r  0x000000000800679c       0x20 c:/users/swallen/appdata/roaming/xpacks/@gnu-mcu-eclipse/arm-none-eabi-gcc/8.2.1-1.3.1/.content/bin/../lib/gcc/arm-none-eabi/8.2.1/../../../../arm-none-eabi/lib/thumb/v7e-m/nofp\libg_nano.a(lib_a-sbrkr.o)
                0x000000000800679c                _sbrk_r
 .text.__sread  0x00000000080067bc       0x22 c:/users/swallen/appdata/roaming/xpacks/@gnu-mcu-eclipse/arm-none-eabi-gcc/8.2.1-1.3.1/.content/bin/../lib/gcc/arm-none-eabi/8.2.1/../../../../arm-none-eabi/lib/thumb/v7e-m/nofp\libg_nano.a(lib_a-stdio.o)
                0x00000000080067bc                __sread
 .text.__swrite
                0x00000000080067de       0x38 c:/users/swallen/appdata/roaming/xpacks/@gnu-mcu-eclipse/arm-none-eabi-gcc/8.2.1-1.3.1/.content/bin/../lib/gcc/arm-none-eabi/8.2.1/../../../../arm-none-eabi/lib/thumb/v7e-m/nofp\libg_nano.a(lib_a-stdio.o)
                0x00000000080067de                __swrite
 .text.__sseek  0x0000000008006816       0x24 c:/users/swallen/appdata/roaming/xpacks/@gnu-mcu-eclipse/arm-none-eabi-gcc/8.2.1-1.3.1/.content/bin/../lib/gcc/arm-none-eabi/8.2.1/../../../../arm-none-eabi/lib/thumb/v7e-m/nofp\libg_nano.a(lib_a-stdio.o)
                0x0000000008006816                __sseek
 .text.__sclose
                0x000000000800683a        0x8 c:/users/swallen/appdata/roaming/xpacks/@gnu-mcu-eclipse/arm-none-eabi-gcc/8.2.1-1.3.1/.content/bin/../lib/gcc/arm-none-eabi/8.2.1/../../../../arm-none-eabi/lib/thumb/v7e-m/nofp\libg_nano.a(lib_a-stdio.o)
                0x000000000800683a                __sclose
 .text          0x0000000008006842       0x14 c:/users/swallen/appdata/roaming/xpacks/@gnu-mcu-eclipse/arm-none-eabi-gcc/8.2.1-1.3.1/.content/bin/../lib/gcc/arm-none-eabi/8.2.1/../../../../arm-none-eabi/lib/thumb/v7e-m/nofp\libg_nano.a(lib_a-strcmp.o)
                0x0000000008006842                strcmp
 .text._vsnprintf_r
                0x0000000008006856       0x58 c:/users/swallen/appdata/roaming/xpacks/@gnu-mcu-eclipse/arm-none-eabi-gcc/8.2.1-1.3.1/.content/bin/../lib/gcc/arm-none-eabi/8.2.1/../../../../arm-none-eabi/lib/thumb/v7e-m/nofp\libg_nano.a(lib_a-vsnprintf.o)
                0x0000000008006856                _vsniprintf_r
                0x0000000008006856                _vsnprintf_r
 *fill*         0x00000000080068ae        0x2 
 .text.vsnprintf
                0x00000000080068b0       0x1c c:/users/swallen/appdata/roaming/xpacks/@gnu-mcu-eclipse/arm-none-eabi-gcc/8.2.1-1.3.1/.content/bin/../lib/gcc/arm-none-eabi/8.2.1/../../../../arm-none-eabi/lib/thumb/v7e-m/nofp\libg_nano.a(lib_a-vsnprintf.o)
                0x00000000080068b0                vsniprintf
                0x00000000080068b0                vsnprintf
 .text._write_r
                0x00000000080068cc       0x24 c:/users/swallen/appdata/roaming/xpacks/@gnu-mcu-eclipse/arm-none-eabi-gcc/8.2.1-1.3.1/.content/bin/../lib/gcc/arm-none-eabi/8.2.1/../../../../arm-none-eabi/lib/thumb/v7e-m/nofp\libg_nano.a(lib_a-writer.o)
                0x00000000080068cc                _write_r
 .text._close_r
                0x00000000080068f0       0x20 c:/users/swallen/appdata/roaming/xpacks/@gnu-mcu-eclipse/arm-none-eabi-gcc/8.2.1-1.3.1/.content/bin/../lib/gcc/arm-none-eabi/8.2.1/../../../../arm-none-eabi/lib/thumb/v7e-m/nofp\libg_nano.a(lib_a-closer.o)
                0x00000000080068f0                _close_r
 .text.__sflush_r
                0x0000000008006910      0x10c c:/users/swallen/appdata/roaming/xpacks/@gnu-mcu-eclipse/arm-none-eabi-gcc/8.2.1-1.3.1/.content/bin/../lib/gcc/arm-none-eabi/8.2.1/../../../../arm-none-eabi/lib/thumb/v7e-m/nofp\libg_nano.a(lib_a-fflush.o)
                0x0000000008006910                __sflush_r
 .text._fflush_r
                0x0000000008006a1c       0x78 c:/users/swallen/appdata/roaming/xpacks/@gnu-mcu-eclipse/arm-none-eabi-gcc/8.2.1-1.3.1/.content/bin/../lib/gcc/arm-none-eabi/8.2.1/../../../../arm-none-eabi/lib/thumb/v7e-m/nofp\libg_nano.a(lib_a-fflush.o)
                0x0000000008006a1c                _fflush_r
 .text._lseek_r
                0x0000000008006a94       0x24 c:/users/swallen/appdata/roaming/xpacks/@gnu-mcu-eclipse/arm-none-eabi-gcc/8.2.1-1.3.1/.content/bin/../lib/gcc/arm-none-eabi/8.2.1/../../../../arm-none-eabi/lib/thumb/v7e-m/nofp\libg_nano.a(lib_a-lseekr.o)
                0x0000000008006a94                _lseek_r
 .text.__malloc_lock
                0x0000000008006ab8        0xc c:/users/swallen/appdata/roaming/xpacks/@gnu-mcu-eclipse/arm-none-eabi-gcc/8.2.1-1.3.1/.content/bin/../lib/gcc/arm-none-eabi/8.2.1/../../../../arm-none-eabi/lib/thumb/v7e-m/nofp\libg_nano.a(lib_a-mlock.o)
                0x0000000008006ab8                __malloc_lock
 .text.__malloc_unlock
                0x0000000008006ac4        0xc c:/users/swallen/appdata/roaming/xpacks/@gnu-mcu-eclipse/arm-none-eabi-gcc/8.2.1-1.3.1/.content/bin/../lib/gcc/arm-none-eabi/8.2.1/../../../../arm-none-eabi/lib/thumb/v7e-m/nofp\libg_nano.a(lib_a-mlock.o)
                0x0000000008006ac4                __malloc_unlock
 .text.__ssputs_r
                0x0000000008006ad0       0xb6 c:/users/swallen/appdata/roaming/xpacks/@gnu-mcu-eclipse/arm-none-eabi-gcc/8.2.1-1.3.1/.content/bin/../lib/gcc/arm-none-eabi/8.2.1/../../../../arm-none-eabi/lib/thumb/v7e-m/nofp\libg_nano.a(lib_a-nano-svfprintf.o)
                0x0000000008006ad0                __ssputs_r
 *fill*         0x0000000008006b86        0x2 
 .text._svfprintf_r
                0x0000000008006b88      0x1f0 c:/users/swallen/appdata/roaming/xpacks/@gnu-mcu-eclipse/arm-none-eabi-gcc/8.2.1-1.3.1/.content/bin/../lib/gcc/arm-none-eabi/8.2.1/../../../../arm-none-eabi/lib/thumb/v7e-m/nofp\libg_nano.a(lib_a-nano-svfprintf.o)
                0x0000000008006b88                _svfiprintf_r
                0x0000000008006b88                _svfprintf_r
 .text.__sfputc_r
                0x0000000008006d78       0x2a c:/users/swallen/appdata/roaming/xpacks/@gnu-mcu-eclipse/arm-none-eabi-gcc/8.2.1-1.3.1/.content/bin/../lib/gcc/arm-none-eabi/8.2.1/../../../../arm-none-eabi/lib/thumb/v7e-m/nofp\libg_nano.a(lib_a-nano-vfprintf.o)
 .text.__sfputs_r
                0x0000000008006da2       0x24 c:/users/swallen/appdata/roaming/xpacks/@gnu-mcu-eclipse/arm-none-eabi-gcc/8.2.1-1.3.1/.content/bin/../lib/gcc/arm-none-eabi/8.2.1/../../../../arm-none-eabi/lib/thumb/v7e-m/nofp\libg_nano.a(lib_a-nano-vfprintf.o)
                0x0000000008006da2                __sfputs_r
 *fill*         0x0000000008006dc6        0x2 
 .text._vfprintf_r
                0x0000000008006dc8      0x250 c:/users/swallen/appdata/roaming/xpacks/@gnu-mcu-eclipse/arm-none-eabi-gcc/8.2.1-1.3.1/.content/bin/../lib/gcc/arm-none-eabi/8.2.1/../../../../arm-none-eabi/lib/thumb/v7e-m/nofp\libg_nano.a(lib_a-nano-vfprintf.o)
                0x0000000008006dc8                _vfprintf_r
                0x0000000008006dc8                _vfiprintf_r
 .text._printf_common
                0x0000000008007018       0xea c:/users/swallen/appdata/roaming/xpacks/@gnu-mcu-eclipse/arm-none-eabi-gcc/8.2.1-1.3.1/.content/bin/../lib/gcc/arm-none-eabi/8.2.1/../../../../arm-none-eabi/lib/thumb/v7e-m/nofp\libg_nano.a(lib_a-nano-vfprintf_i.o)
                0x0000000008007018                _printf_common
 *fill*         0x0000000008007102        0x2 
 .text._printf_i
                0x0000000008007104      0x228 c:/users/swallen/appdata/roaming/xpacks/@gnu-mcu-eclipse/arm-none-eabi-gcc/8.2.1-1.3.1/.content/bin/../lib/gcc/arm-none-eabi/8.2.1/../../../../arm-none-eabi/lib/thumb/v7e-m/nofp\libg_nano.a(lib_a-nano-vfprintf_i.o)
                0x0000000008007104                _printf_i
 .text._read_r  0x000000000800732c       0x24 c:/users/swallen/appdata/roaming/xpacks/@gnu-mcu-eclipse/arm-none-eabi-gcc/8.2.1-1.3.1/.content/bin/../lib/gcc/arm-none-eabi/8.2.1/../../../../arm-none-eabi/lib/thumb/v7e-m/nofp\libg_nano.a(lib_a-readr.o)
                0x000000000800732c                _read_r
 .text.__swbuf_r
                0x0000000008007350       0xa4 c:/users/swallen/appdata/roaming/xpacks/@gnu-mcu-eclipse/arm-none-eabi-gcc/8.2.1-1.3.1/.content/bin/../lib/gcc/arm-none-eabi/8.2.1/../../../../arm-none-eabi/lib/thumb/v7e-m/nofp\libg_nano.a(lib_a-wbuf.o)
                0x0000000008007350                __swbuf_r
 .text.__swsetup_r
                0x00000000080073f4       0xdc c:/users/swallen/appdata/roaming/xpacks/@gnu-mcu-eclipse/arm-none-eabi-gcc/8.2.1-1.3.1/.content/bin/../lib/gcc/arm-none-eabi/8.2.1/../../../../arm-none-eabi/lib/thumb/v7e-m/nofp\libg_nano.a(lib_a-wsetup.o)
                0x00000000080073f4                __swsetup_r
 .text.__swhatbuf_r
                0x00000000080074d0       0x48 c:/users/swallen/appdata/roaming/xpacks/@gnu-mcu-eclipse/arm-none-eabi-gcc/8.2.1-1.3.1/.content/bin/../lib/gcc/arm-none-eabi/8.2.1/../../../../arm-none-eabi/lib/thumb/v7e-m/nofp\libg_nano.a(lib_a-makebuf.o)
                0x00000000080074d0                __swhatbuf_r
 .text.__smakebuf_r
                0x0000000008007518       0x80 c:/users/swallen/appdata/roaming/xpacks/@gnu-mcu-eclipse/arm-none-eabi-gcc/8.2.1-1.3.1/.content/bin/../lib/gcc/arm-none-eabi/8.2.1/../../../../arm-none-eabi/lib/thumb/v7e-m/nofp\libg_nano.a(lib_a-makebuf.o)
                0x0000000008007518                __smakebuf_r
 *fill*         0x0000000008007598        0x8 
 .text          0x00000000080075a0       0xa0 c:/users/swallen/appdata/roaming/xpacks/@gnu-mcu-eclipse/arm-none-eabi-gcc/8.2.1-1.3.1/.content/bin/../lib/gcc/arm-none-eabi/8.2.1/../../../../arm-none-eabi/lib/thumb/v7e-m/nofp\libg_nano.a(lib_a-memchr.o)
                0x00000000080075a0                memchr
 .text.memcpy   0x0000000008007640       0x1c c:/users/swallen/appdata/roaming/xpacks/@gnu-mcu-eclipse/arm-none-eabi-gcc/8.2.1-1.3.1/.content/bin/../lib/gcc/arm-none-eabi/8.2.1/../../../../arm-none-eabi/lib/thumb/v7e-m/nofp\libg_nano.a(lib_a-memcpy-stub.o)
                0x0000000008007640                memcpy
 .text.memmove  0x000000000800765c       0x34 c:/users/swallen/appdata/roaming/xpacks/@gnu-mcu-eclipse/arm-none-eabi-gcc/8.2.1-1.3.1/.content/bin/../lib/gcc/arm-none-eabi/8.2.1/../../../../arm-none-eabi/lib/thumb/v7e-m/nofp\libg_nano.a(lib_a-memmove.o)
                0x000000000800765c                memmove
 .text._realloc_r
                0x0000000008007690       0x4c c:/users/swallen/appdata/roaming/xpacks/@gnu-mcu-eclipse/arm-none-eabi-gcc/8.2.1-1.3.1/.content/bin/../lib/gcc/arm-none-eabi/8.2.1/../../../../arm-none-eabi/lib/thumb/v7e-m/nofp\libg_nano.a(lib_a-nano-reallocr.o)
                0x0000000008007690                _realloc_r
 .text._fstat_r
                0x00000000080076dc       0x24 c:/users/swallen/appdata/roaming/xpacks/@gnu-mcu-eclipse/arm-none-eabi-gcc/8.2.1-1.3.1/.content/bin/../lib/gcc/arm-none-eabi/8.2.1/../../../../arm-none-eabi/lib/thumb/v7e-m/nofp\libg_nano.a(lib_a-fstatr.o)
                0x00000000080076dc                _fstat_r
 .text._isatty_r
                0x0000000008007700       0x20 c:/users/swallen/appdata/roaming/xpacks/@gnu-mcu-eclipse/arm-none-eabi-gcc/8.2.1-1.3.1/.content/bin/../lib/gcc/arm-none-eabi/8.2.1/../../../../arm-none-eabi/lib/thumb/v7e-m/nofp\libg_nano.a(lib_a-isattyr.o)
                0x0000000008007700                _isatty_r
 .text._malloc_usable_size_r
                0x0000000008007720       0x10 c:/users/swallen/appdata/roaming/xpacks/@gnu-mcu-eclipse/arm-none-eabi-gcc/8.2.1-1.3.1/.content/bin/../lib/gcc/arm-none-eabi/8.2.1/../../../../arm-none-eabi/lib/thumb/v7e-m/nofp\libg_nano.a(lib_a-nano-msizer.o)
                0x0000000008007720                _malloc_usable_size_r
 *(.rodata .rodata.* .constdata .constdata.*)
 .rodata.Error_Handler.str1.4
                0x0000000008007730        0xe src\main.o
 *fill*         0x000000000800773e        0x2 
 .rodata.assert_failed.str1.4
                0x0000000008007740       0x2d src\main.o
 *fill*         0x000000000800776d        0x3 
 .rodata.AHBPrescTable
                0x0000000008007770       0x10 src\system_stm32f4xx.o
                0x0000000008007770                AHBPrescTable
 .rodata.dumpExceptionStack.str1.4
                0x0000000008007780      0x11a system\src\cortexm\exception_handlers.o
 *fill*         0x000000000800789a        0x2 
 .rodata.isSemihosting.str1.4
                0x000000000800789c        0x4 system\src\cortexm\exception_handlers.o
 .rodata.str1.4
                0x00000000080078a0       0x2a system\src\cortexm\exception_handlers.o
 .rodata.initialise_monitor_handles.str1.4
                0x00000000080078ca        0x4 system\src\newlib\_syscalls.o
 *fill*         0x00000000080078ca        0x2 
 .rodata.ADC_Init.str1.4
                0x00000000080078cc       0x2e system\src\stm32f4-hal\stm32f4xx_hal_adc.o
 *fill*         0x00000000080078fa        0x2 
 .rodata.HAL_NVIC_SetPriorityGrouping.str1.4
                0x00000000080078fc       0x31 system\src\stm32f4-hal\stm32f4xx_hal_cortex.o
 *fill*         0x000000000800792d        0x3 
 .rodata.HAL_DAC_Init.str1.4
                0x0000000008007930       0x2e system\src\stm32f4-hal\stm32f4xx_hal_dac.o
 *fill*         0x000000000800795e        0x2 
 .rodata.HAL_GPIO_Init.str1.4
                0x0000000008007960       0x2f system\src\stm32f4-hal\stm32f4xx_hal_gpio.o
 *fill*         0x000000000800798f        0x1 
 .rodata.HAL_I2C_Init.str1.4
                0x0000000008007990       0x2e system\src\stm32f4-hal\stm32f4xx_hal_i2c.o
 *fill*         0x00000000080079be        0x2 
 .rodata.HAL_IWDG_Init.str1.4
                0x00000000080079c0       0x2f system\src\stm32f4-hal\stm32f4xx_hal_iwdg.o
 *fill*         0x00000000080079ef        0x1 
 .rodata.APBAHBPrescTable
                0x00000000080079f0       0x10 system\src\stm32f4-hal\stm32f4xx_hal_rcc.o
                0x00000000080079f0                APBAHBPrescTable
 .rodata.HAL_RCC_OscConfig.str1.4
                0x0000000008007a00       0x2e system\src\stm32f4-hal\stm32f4xx_hal_rcc.o
 *fill*         0x0000000008007a2e        0x2 
 .rodata.HAL_SPI_Init.str1.4
                0x0000000008007a30       0x2e system\src\stm32f4-hal\stm32f4xx_hal_spi.o
 *fill*         0x0000000008007a5e        0x2 
 .rodata.TIM_OC3_SetConfig.str1.4
                0x0000000008007a60       0x2e system\src\stm32f4-hal\stm32f4xx_hal_tim.o
 *fill*         0x0000000008007a8e        0x2 
 .rodata.UART_SetConfig.str1.4
                0x0000000008007a90       0x2f system\src\stm32f4-hal\stm32f4xx_hal_uart.o
 *fill*         0x0000000008007abf        0x1 
 .rodata.sqrt.str1.4
                0x0000000008007ac0        0x8 c:/users/swallen/appdata/roaming/xpacks/@gnu-mcu-eclipse/arm-none-eabi-gcc/8.2.1-1.3.1/.content/bin/../lib/gcc/arm-none-eabi/8.2.1/../../../../arm-none-eabi/lib/thumb/v7e-m/nofp\libm.a(lib_a-w_sqrt.o)
                                          0x5 (size before relaxing)
 .rodata.atanhi
                0x0000000008007ac8       0x20 c:/users/swallen/appdata/roaming/xpacks/@gnu-mcu-eclipse/arm-none-eabi-gcc/8.2.1-1.3.1/.content/bin/../lib/gcc/arm-none-eabi/8.2.1/../../../../arm-none-eabi/lib/thumb/v7e-m/nofp\libm.a(lib_a-s_atan.o)
 .rodata.atanlo
                0x0000000008007ae8       0x20 c:/users/swallen/appdata/roaming/xpacks/@gnu-mcu-eclipse/arm-none-eabi-gcc/8.2.1-1.3.1/.content/bin/../lib/gcc/arm-none-eabi/8.2.1/../../../../arm-none-eabi/lib/thumb/v7e-m/nofp\libm.a(lib_a-s_atan.o)
 .rodata._ctype_
                0x0000000008007b08      0x101 c:/users/swallen/appdata/roaming/xpacks/@gnu-mcu-eclipse/arm-none-eabi-gcc/8.2.1-1.3.1/.content/bin/../lib/gcc/arm-none-eabi/8.2.1/../../../../arm-none-eabi/lib/thumb/v7e-m/nofp\libg_nano.a(lib_a-ctype_.o)
                0x0000000008007b08                _ctype_
 *fill*         0x0000000008007c09        0x3 
 .rodata.__sf_fake_stderr
                0x0000000008007c0c       0x20 c:/users/swallen/appdata/roaming/xpacks/@gnu-mcu-eclipse/arm-none-eabi-gcc/8.2.1-1.3.1/.content/bin/../lib/gcc/arm-none-eabi/8.2.1/../../../../arm-none-eabi/lib/thumb/v7e-m/nofp\libg_nano.a(lib_a-findfp.o)
                0x0000000008007c0c                __sf_fake_stderr
 .rodata.__sf_fake_stdin
                0x0000000008007c2c       0x20 c:/users/swallen/appdata/roaming/xpacks/@gnu-mcu-eclipse/arm-none-eabi-gcc/8.2.1-1.3.1/.content/bin/../lib/gcc/arm-none-eabi/8.2.1/../../../../arm-none-eabi/lib/thumb/v7e-m/nofp\libg_nano.a(lib_a-findfp.o)
                0x0000000008007c2c                __sf_fake_stdin
 .rodata.__sf_fake_stdout
                0x0000000008007c4c       0x20 c:/users/swallen/appdata/roaming/xpacks/@gnu-mcu-eclipse/arm-none-eabi-gcc/8.2.1-1.3.1/.content/bin/../lib/gcc/arm-none-eabi/8.2.1/../../../../arm-none-eabi/lib/thumb/v7e-m/nofp\libg_nano.a(lib_a-findfp.o)
                0x0000000008007c4c                __sf_fake_stdout
 .rodata._global_impure_ptr
                0x0000000008007c6c        0x4 c:/users/swallen/appdata/roaming/xpacks/@gnu-mcu-eclipse/arm-none-eabi-gcc/8.2.1-1.3.1/.content/bin/../lib/gcc/arm-none-eabi/8.2.1/../../../../arm-none-eabi/lib/thumb/v7e-m/nofp\libg_nano.a(lib_a-impure.o)
                0x0000000008007c6c                _global_impure_ptr
 .rodata._svfprintf_r.str1.1
                0x0000000008007c70       0x11 c:/users/swallen/appdata/roaming/xpacks/@gnu-mcu-eclipse/arm-none-eabi-gcc/8.2.1-1.3.1/.content/bin/../lib/gcc/arm-none-eabi/8.2.1/../../../../arm-none-eabi/lib/thumb/v7e-m/nofp\libg_nano.a(lib_a-nano-svfprintf.o)
 .rodata._vfprintf_r.str1.1
                0x0000000008007c81       0x11 c:/users/swallen/appdata/roaming/xpacks/@gnu-mcu-eclipse/arm-none-eabi-gcc/8.2.1-1.3.1/.content/bin/../lib/gcc/arm-none-eabi/8.2.1/../../../../arm-none-eabi/lib/thumb/v7e-m/nofp\libg_nano.a(lib_a-nano-vfprintf.o)
 .rodata._printf_i.str1.1
                0x0000000008007c81       0x22 c:/users/swallen/appdata/roaming/xpacks/@gnu-mcu-eclipse/arm-none-eabi-gcc/8.2.1-1.3.1/.content/bin/../lib/gcc/arm-none-eabi/8.2.1/../../../../arm-none-eabi/lib/thumb/v7e-m/nofp\libg_nano.a(lib_a-nano-vfprintf_i.o)
 *(vtable)
 *(.eh_frame*)
 *(.glue_7)
 .glue_7        0x0000000008007ca3        0x0 linker stubs
 *(.glue_7t)
 .glue_7t       0x0000000008007ca3        0x0 linker stubs

.vfp11_veneer   0x0000000008007ca4        0x0
 .vfp11_veneer  0x0000000008007ca4        0x0 linker stubs

.v4_bx          0x0000000008007ca4        0x0
 .v4_bx         0x0000000008007ca4        0x0 linker stubs

.iplt           0x0000000008007ca4        0x0
 .iplt          0x0000000008007ca4        0x0 src\LEDs.o

.rel.dyn        0x0000000008007ca4        0x0
 .rel.iplt      0x0000000008007ca4        0x0 src\LEDs.o

.ARM.extab
 *(.ARM.extab* .gnu.linkonce.armextab.*)
                0x0000000008007ca4                . = ALIGN (0x4)
                0x0000000008007ca4                __exidx_start = .

.ARM.exidx
 *(.ARM.exidx* .gnu.linkonce.armexidx.*)
                0x0000000008007ca4                __exidx_end = .
                0x0000000008007ca4                . = ALIGN (0x4)
                0x0000000008007ca4                _etext = .
                0x0000000008007ca4                __etext = .

.data_CCMRAM    0x0000000010000000        0x0 load address 0x0000000008007ca4
 FILL mask 0xff
 *(.data.CCMRAM .data.CCMRAM.*)
                0x0000000010000000                . = ALIGN (0x4)
                0x0000000008007ca4                _sidata = LOADADDR (.data)

.data           0x0000000020000000      0x130 load address 0x0000000008007ca4
 FILL mask 0xff
                0x0000000020000000                _sdata = .
                0x0000000020000000                __data_start__ = .
 *(.data_begin .data_begin.*)
 .data_begin    0x0000000020000000        0x4 system\src\newlib\_startup.o
 *(.data .data.*)
 .data.ledTimInst
                0x0000000020000004        0x4 src\LEDs.o
                0x0000000020000004                ledTimInst
 .data.spi      0x0000000020000008       0x58 src\LEDs.o
 .data.adc1Handle
                0x0000000020000060       0x48 src\adcs.o
                0x0000000020000060                adc1Handle
 .data.dmaInst  0x00000000200000a8        0x4 src\motors.o
                0x00000000200000a8                dmaInst
 .data.dmaStrInst
                0x00000000200000ac        0x4 src\motors.o
                0x00000000200000ac                dmaStrInst
 .data.timInst  0x00000000200000b0        0x4 src\motors.o
                0x00000000200000b0                timInst
 .data.serialState
                0x00000000200000b4        0x1 src\serial.o
                0x00000000200000b4                serialState
 *fill*         0x00000000200000b5        0x3 ff
 .data.SystemCoreClock
                0x00000000200000b8        0x4 src\system_stm32f4xx.o
                0x00000000200000b8                SystemCoreClock
 .data.microTimInst
                0x00000000200000bc        0x4 src\time.o
                0x00000000200000bc                microTimInst
 .data.milliTimInst
                0x00000000200000c0        0x4 src\time.o
                0x00000000200000c0                milliTimInst
 .data.__fdlib_version
                0x00000000200000c4        0x1 c:/users/swallen/appdata/roaming/xpacks/@gnu-mcu-eclipse/arm-none-eabi-gcc/8.2.1-1.3.1/.content/bin/../lib/gcc/arm-none-eabi/8.2.1/../../../../arm-none-eabi/lib/thumb/v7e-m/nofp\libm.a(lib_a-s_lib_ver.o)
                0x00000000200000c4                __fdlib_version
 *fill*         0x00000000200000c5        0x3 ff
 .data._impure_ptr
                0x00000000200000c8        0x4 c:/users/swallen/appdata/roaming/xpacks/@gnu-mcu-eclipse/arm-none-eabi-gcc/8.2.1-1.3.1/.content/bin/../lib/gcc/arm-none-eabi/8.2.1/../../../../arm-none-eabi/lib/thumb/v7e-m/nofp\libg_nano.a(lib_a-impure.o)
                0x00000000200000c8                _impure_ptr
 .data.impure_data
                0x00000000200000cc       0x60 c:/users/swallen/appdata/roaming/xpacks/@gnu-mcu-eclipse/arm-none-eabi-gcc/8.2.1-1.3.1/.content/bin/../lib/gcc/arm-none-eabi/8.2.1/../../../../arm-none-eabi/lib/thumb/v7e-m/nofp\libg_nano.a(lib_a-impure.o)
 *(.data_end .data_end.*)
 .data_end      0x000000002000012c        0x4 system\src\newlib\_startup.o
                0x0000000020000130                . = ALIGN (0x4)
                0x0000000020000130                _edata = .
                0x0000000020000130                __data_end__ = .

.igot.plt       0x0000000020000130        0x0 load address 0x0000000008007dd4
 .igot.plt      0x0000000020000130        0x0 src\LEDs.o

.bss_CCMRAM     0x0000000010000000        0x0
 *(.bss.CCMRAM .bss.CCMRAM.*)

.bss            0x0000000020000130     0x5250
                0x0000000020000130                __bss_start__ = .
                0x0000000020000130                _sbss = .
 *(.bss_begin .bss_begin.*)
 .bss_begin     0x0000000020000130        0x4 system\src\newlib\_startup.o
 *(.bss .bss.*)
 .bss.accelAngle
                0x0000000020000134        0x2 src\accelerometer.o
                0x0000000020000134                accelAngle
 .bss.accelTrim
                0x0000000020000136        0x2 src\accelerometer.o
                0x0000000020000136                accelTrim
 .bss.highestBeaconAngle
                0x0000000020000138        0x2 src\accelerometer.o
                0x0000000020000138                highestBeaconAngle
 .bss.highestBeaconReading
                0x000000002000013a        0x2 src\accelerometer.o
                0x000000002000013a                highestBeaconReading
 .bss.lastMeasTime
                0x000000002000013c        0x4 src\accelerometer.o
                0x000000002000013c                lastMeasTime
 .bss.lastTrimTime
                0x0000000020000140        0x4 src\accelerometer.o
                0x0000000020000140                lastTrimTime
 .bss.lastUpdateTime
                0x0000000020000144        0x4 src\animations.o
                0x0000000020000144                lastUpdateTime
 .bss.lastMotorSendTime
                0x0000000020000148        0x4 src\motors.o
                0x0000000020000148                lastMotorSendTime
 .bss.lastSpeedChange
                0x000000002000014c        0x4 src\motors.o
                0x000000002000014c                lastSpeedChange
 .bss.motor1Setpoint
                0x0000000020000150        0x2 src\motors.o
                0x0000000020000150                motor1Setpoint
 .bss.motor1Speed
                0x0000000020000152        0x2 src\motors.o
                0x0000000020000152                motor1Speed
 .bss.motor2Setpoint
                0x0000000020000154        0x2 src\motors.o
                0x0000000020000154                motor2Setpoint
 .bss.motor2Speed
                0x0000000020000156        0x2 src\motors.o
                0x0000000020000156                motor2Speed
 .bss.bytesRead
                0x0000000020000158        0x1 src\serial.o
                0x0000000020000158                bytesRead
 .bss.enable    0x0000000020000159        0x1 src\serial.o
                0x0000000020000159                enable
 *fill*         0x000000002000015a        0x2 
 .bss.lastReceived
                0x000000002000015c        0x4 src\serial.o
                0x000000002000015c                lastReceived
 .bss.status    0x0000000020000160        0x1 src\serial.o
                0x0000000020000160                status
 *fill*         0x0000000020000161        0x1 
 .bss.throt     0x0000000020000162        0x2 src\serial.o
                0x0000000020000162                throt
 .bss.thumbX    0x0000000020000164        0x2 src\serial.o
                0x0000000020000164                thumbX
 .bss.thumbY    0x0000000020000166        0x2 src\serial.o
                0x0000000020000166                thumbY
 .bss.jukeStartTime
                0x0000000020000168        0x4 src\topLoop.o
                0x0000000020000168                jukeStartTime
 .bss.led_on    0x000000002000016c        0x1 src\topLoop.o
                0x000000002000016c                led_on
 *fill*         0x000000002000016d        0x3 
 .bss.led_time  0x0000000020000170        0x4 src\topLoop.o
                0x0000000020000170                led_time
 .bss.loopTime  0x0000000020000174        0x4 src\topLoop.o
                0x0000000020000174                loopTime
 .bss.mainState
                0x0000000020000178        0x1 src\topLoop.o
                0x0000000020000178                mainState
 .bss.stickSwitchDebounce
                0x0000000020000179        0x1 src\topLoop.o
                0x0000000020000179                stickSwitchDebounce
 *fill*         0x000000002000017a        0x2 
 .bss.buf.5778  0x000000002000017c       0x80 system\src\diag\Trace.o
 .bss.current_heap_end.4534
                0x00000000200001fc        0x4 system\src\newlib\_sbrk.o
 .bss.args_buf.12209
                0x0000000020000200       0x50 system\src\newlib\_syscalls.o
 .bss.argv_buf.12210
                0x0000000020000250       0x28 system\src\newlib\_syscalls.o
 .bss.monitor_stderr
                0x0000000020000278        0x4 system\src\newlib\_syscalls.o
 .bss.monitor_stdin
                0x000000002000027c        0x4 system\src\newlib\_syscalls.o
 .bss.monitor_stdout
                0x0000000020000280        0x4 system\src\newlib\_syscalls.o
 .bss.openfiles
                0x0000000020000284       0xa0 system\src\newlib\_syscalls.o
 .bss.__malloc_free_list
                0x0000000020000324        0x4 c:/users/swallen/appdata/roaming/xpacks/@gnu-mcu-eclipse/arm-none-eabi-gcc/8.2.1-1.3.1/.content/bin/../lib/gcc/arm-none-eabi/8.2.1/../../../../arm-none-eabi/lib/thumb/v7e-m/nofp\libg_nano.a(lib_a-nano-mallocr.o)
                0x0000000020000324                __malloc_free_list
 .bss.__malloc_sbrk_start
                0x0000000020000328        0x4 c:/users/swallen/appdata/roaming/xpacks/@gnu-mcu-eclipse/arm-none-eabi-gcc/8.2.1-1.3.1/.content/bin/../lib/gcc/arm-none-eabi/8.2.1/../../../../arm-none-eabi/lib/thumb/v7e-m/nofp\libg_nano.a(lib_a-nano-mallocr.o)
                0x0000000020000328                __malloc_sbrk_start
 *(COMMON)
 COMMON         0x000000002000032c       0x21 src\LEDs.o
                0x000000002000032c                ledTransmitBuffer
 *fill*         0x000000002000034d        0x3 
 COMMON         0x0000000020000350     0x4eb0 src\accelerometer.o
                0x0000000020000350                angleAtLastMeasurement
                0x0000000020000354                hi2c3
                0x00000000200003a8                robotPeriod
                0x00000000200003ac                bandPassReadings
                0x00000000200003d4                accelZ
                0x00000000200003d8                accelMeasTime
                0x00000000200003e0                beaconSamples
 COMMON         0x0000000020005200       0x20 src\animations.o
                0x0000000020005200                currentFrame
                0x0000000020005204                idleHead
                0x0000000020005208                safeHead
                0x000000002000520c                jukeHead
                0x0000000020005210                spinHead
                0x0000000020005214                animationHead
                0x0000000020005218                driveHead
                0x000000002000521c                preJukeHead
 COMMON         0x0000000020005220       0x14 src\main.o
                0x0000000020005220                hdac
 COMMON         0x0000000020005234       0x60 src\motors.o
                0x0000000020005234                motorPulseTrain
                0x0000000020005258                htim1
 COMMON         0x0000000020005294       0xc8 src\serial.o
                0x0000000020005294                sendBuf
                0x00000000200052a0                meltyAngle
                0x00000000200052a4                packet
                0x00000000200052b0                serialRxBuf
                0x00000000200052b9                packetReceived
                0x00000000200052ba                meltyThrottle
                0x00000000200052bc                huart_radio
                0x00000000200052fc                hdma_usart_rx
 COMMON         0x000000002000535c        0xc src\watchdog.o
                0x000000002000535c                hiwdg
 COMMON         0x0000000020005368        0x4 system\src\newlib\_syscalls.o
                0x0000000020005368                errno
 COMMON         0x000000002000536c        0x4 system\src\stm32f4-hal\stm32f4xx_hal.o
                0x000000002000536c                uwTick
 COMMON         0x0000000020005370        0x9 c:/users/swallen/appdata/roaming/xpacks/@gnu-mcu-eclipse/arm-none-eabi-gcc/8.2.1-1.3.1/.content/bin/../lib/gcc/arm-none-eabi/8.2.1/../../../../arm-none-eabi/lib/thumb/v7e-m/nofp\libg_nano.a(lib_a-lock.o)
                0x0000000020005370                __lock___atexit_recursive_mutex
                0x0000000020005371                __lock___arc4random_mutex
                0x0000000020005372                __lock___env_recursive_mutex
                0x0000000020005373                __lock___sinit_recursive_mutex
                0x0000000020005374                __lock___malloc_recursive_mutex
                0x0000000020005375                __lock___at_quick_exit_mutex
                0x0000000020005376                __lock___dd_hash_mutex
                0x0000000020005377                __lock___tz_mutex
                0x0000000020005378                __lock___sfp_recursive_mutex
 *(.bss_end .bss_end.*)
 *fill*         0x0000000020005379        0x3 
 .bss_end       0x000000002000537c        0x4 system\src\newlib\_startup.o
                0x0000000020005380                . = ALIGN (0x4)
                0x0000000020005380                __bss_end__ = .
                0x0000000020005380                _ebss = .

.noinit_CCMRAM
 *(.noinit.CCMRAM .noinit.CCMRAM.*)

.noinit         0x0000000020005380        0x0
                0x0000000020005380                _noinit = .
 *(.noinit .noinit.*)
                0x0000000020005380                . = ALIGN (0x4)
                0x0000000020005380                _end_noinit = .
                [!provide]                        PROVIDE (end = _end_noinit)
                [!provide]                        PROVIDE (_end = _end_noinit)
                [!provide]                        PROVIDE (__end = _end_noinit)
                [!provide]                        PROVIDE (__end__ = _end_noinit)

._check_stack   0x0000000020005380      0x100
                0x0000000020005480                . = (. + _Minimum_Stack_Size)
 *fill*         0x0000000020005380      0x100 

.b1text
 *(.b1text)
 *(.b1rodata)
 *(.b1rodata.*)

.eb0text
 *(.eb0text)
 *(.eb0rodata)
 *(.eb0rodata.*)

.eb1text
 *(.eb1text)
 *(.eb1rodata)
 *(.eb1rodata.*)

.eb2text
 *(.eb2text)
 *(.eb2rodata)
 *(.eb2rodata.*)

.eb3text
 *(.eb3text)
 *(.eb3rodata)
 *(.eb3rodata.*)

.stab
 *(.stab)

.stabstr
 *(.stabstr)

.stab.excl
 *(.stab.excl)

.stab.exclstr
 *(.stab.exclstr)

.stab.index
 *(.stab.index)

.stab.indexstr
 *(.stab.indexstr)

.comment        0x0000000000000000       0x68
 *(.comment)
 .comment       0x0000000000000000       0x68 src\LEDs.o
                                         0x69 (size before relaxing)
 .comment       0x0000000000000068       0x69 src\_initialize_hardware.o
 .comment       0x0000000000000068       0x69 src\accelerometer.o
 .comment       0x0000000000000068       0x69 src\adcs.o
 .comment       0x0000000000000068       0x69 src\animations.o
 .comment       0x0000000000000068       0x69 src\main.o
 .comment       0x0000000000000068       0x69 src\motors.o
 .comment       0x0000000000000068       0x69 src\serial.o
 .comment       0x0000000000000068       0x69 src\stm32f4xx_hal_msp.o
 .comment       0x0000000000000068       0x69 src\stm32f4xx_it.o
 .comment       0x0000000000000068       0x69 src\system_stm32f4xx.o
 .comment       0x0000000000000068       0x69 src\time.o
 .comment       0x0000000000000068       0x69 src\topLoop.o
 .comment       0x0000000000000068       0x69 src\watchdog.o
 .comment       0x0000000000000068       0x69 system\src\cmsis\vectors_stm32f446xx.o
 .comment       0x0000000000000068       0x69 system\src\cortexm\_initialize_hardware.o
 .comment       0x0000000000000068       0x69 system\src\cortexm\exception_handlers.o
 .comment       0x0000000000000068       0x69 system\src\diag\Trace.o
 .comment       0x0000000000000068       0x69 system\src\diag\trace_impl.o
 .comment       0x0000000000000068       0x69 system\src\newlib\_sbrk.o
 .comment       0x0000000000000068       0x69 system\src\newlib\_startup.o
 .comment       0x0000000000000068       0x69 system\src\newlib\_syscalls.o
 .comment       0x0000000000000068       0x69 system\src\stm32f4-hal\stm32f4xx_hal.o
 .comment       0x0000000000000068       0x69 system\src\stm32f4-hal\stm32f4xx_hal_adc.o
 .comment       0x0000000000000068       0x69 system\src\stm32f4-hal\stm32f4xx_hal_cortex.o
 .comment       0x0000000000000068       0x69 system\src\stm32f4-hal\stm32f4xx_hal_dac.o
 .comment       0x0000000000000068       0x69 system\src\stm32f4-hal\stm32f4xx_hal_dma.o
 .comment       0x0000000000000068       0x69 system\src\stm32f4-hal\stm32f4xx_hal_gpio.o
 .comment       0x0000000000000068       0x69 system\src\stm32f4-hal\stm32f4xx_hal_i2c.o
 .comment       0x0000000000000068       0x69 system\src\stm32f4-hal\stm32f4xx_hal_iwdg.o
 .comment       0x0000000000000068       0x69 system\src\stm32f4-hal\stm32f4xx_hal_rcc.o
 .comment       0x0000000000000068       0x69 system\src\stm32f4-hal\stm32f4xx_hal_spi.o
 .comment       0x0000000000000068       0x69 system\src\stm32f4-hal\stm32f4xx_hal_tim.o
 .comment       0x0000000000000068       0x69 system\src\stm32f4-hal\stm32f4xx_hal_uart.o

.ARM.attributes
                0x0000000000000000       0x2c
 .ARM.attributes
                0x0000000000000000       0x2e src\LEDs.o
 .ARM.attributes
                0x000000000000002e       0x2e src\_initialize_hardware.o
 .ARM.attributes
                0x000000000000005c       0x2e src\accelerometer.o
 .ARM.attributes
                0x000000000000008a       0x2e src\adcs.o
 .ARM.attributes
                0x00000000000000b8       0x2e src\animations.o
 .ARM.attributes
                0x00000000000000e6       0x2e src\main.o
 .ARM.attributes
                0x0000000000000114       0x2e src\motors.o
 .ARM.attributes
                0x0000000000000142       0x2e src\serial.o
 .ARM.attributes
                0x0000000000000170       0x2e src\stm32f4xx_hal_msp.o
 .ARM.attributes
                0x000000000000019e       0x2e src\stm32f4xx_it.o
 .ARM.attributes
                0x00000000000001cc       0x2e src\system_stm32f4xx.o
 .ARM.attributes
                0x00000000000001fa       0x2e src\time.o
 .ARM.attributes
                0x0000000000000228       0x2e src\topLoop.o
 .ARM.attributes
                0x0000000000000256       0x2e src\watchdog.o
 .ARM.attributes
                0x0000000000000284       0x2e system\src\cmsis\vectors_stm32f446xx.o
 .ARM.attributes
                0x00000000000002b2       0x2e system\src\cortexm\_initialize_hardware.o
 .ARM.attributes
                0x00000000000002e0       0x2e system\src\cortexm\exception_handlers.o
 .ARM.attributes
                0x000000000000030e       0x2e system\src\diag\Trace.o
 .ARM.attributes
                0x000000000000033c       0x2e system\src\diag\trace_impl.o
 .ARM.attributes
                0x000000000000036a       0x2e system\src\newlib\_sbrk.o
 .ARM.attributes
                0x0000000000000398       0x2e system\src\newlib\_startup.o
 .ARM.attributes
                0x00000000000003c6       0x2e system\src\newlib\_syscalls.o
 .ARM.attributes
                0x00000000000003f4       0x2e system\src\stm32f4-hal\stm32f4xx_hal.o
 .ARM.attributes
                0x0000000000000422       0x2e system\src\stm32f4-hal\stm32f4xx_hal_adc.o
 .ARM.attributes
                0x0000000000000450       0x2e system\src\stm32f4-hal\stm32f4xx_hal_cortex.o
 .ARM.attributes
                0x000000000000047e       0x2e system\src\stm32f4-hal\stm32f4xx_hal_dac.o
 .ARM.attributes
                0x00000000000004ac       0x2e system\src\stm32f4-hal\stm32f4xx_hal_dma.o
 .ARM.attributes
                0x00000000000004da       0x2e system\src\stm32f4-hal\stm32f4xx_hal_gpio.o
 .ARM.attributes
                0x0000000000000508       0x2e system\src\stm32f4-hal\stm32f4xx_hal_i2c.o
 .ARM.attributes
                0x0000000000000536       0x2e system\src\stm32f4-hal\stm32f4xx_hal_iwdg.o
 .ARM.attributes
                0x0000000000000564       0x2e system\src\stm32f4-hal\stm32f4xx_hal_rcc.o
 .ARM.attributes
                0x0000000000000592       0x2e system\src\stm32f4-hal\stm32f4xx_hal_spi.o
 .ARM.attributes
                0x00000000000005c0       0x2e system\src\stm32f4-hal\stm32f4xx_hal_tim.o
 .ARM.attributes
                0x00000000000005ee       0x2e system\src\stm32f4-hal\stm32f4xx_hal_uart.o
 .ARM.attributes
                0x000000000000061c       0x2e c:/users/swallen/appdata/roaming/xpacks/@gnu-mcu-eclipse/arm-none-eabi-gcc/8.2.1-1.3.1/.content/bin/../lib/gcc/arm-none-eabi/8.2.1/../../../../arm-none-eabi/lib/thumb/v7e-m/nofp\libm.a(lib_a-w_atan2.o)
 .ARM.attributes
                0x000000000000064a       0x2e c:/users/swallen/appdata/roaming/xpacks/@gnu-mcu-eclipse/arm-none-eabi-gcc/8.2.1-1.3.1/.content/bin/../lib/gcc/arm-none-eabi/8.2.1/../../../../arm-none-eabi/lib/thumb/v7e-m/nofp\libm.a(lib_a-w_sqrt.o)
 .ARM.attributes
                0x0000000000000678       0x2e c:/users/swallen/appdata/roaming/xpacks/@gnu-mcu-eclipse/arm-none-eabi-gcc/8.2.1-1.3.1/.content/bin/../lib/gcc/arm-none-eabi/8.2.1/../../../../arm-none-eabi/lib/thumb/v7e-m/nofp\libm.a(lib_a-e_atan2.o)
 .ARM.attributes
                0x00000000000006a6       0x2e c:/users/swallen/appdata/roaming/xpacks/@gnu-mcu-eclipse/arm-none-eabi-gcc/8.2.1-1.3.1/.content/bin/../lib/gcc/arm-none-eabi/8.2.1/../../../../arm-none-eabi/lib/thumb/v7e-m/nofp\libm.a(lib_a-e_sqrt.o)
 .ARM.attributes
                0x00000000000006d4       0x2e c:/users/swallen/appdata/roaming/xpacks/@gnu-mcu-eclipse/arm-none-eabi-gcc/8.2.1-1.3.1/.content/bin/../lib/gcc/arm-none-eabi/8.2.1/../../../../arm-none-eabi/lib/thumb/v7e-m/nofp\libm.a(lib_a-s_atan.o)
 .ARM.attributes
                0x0000000000000702       0x2e c:/users/swallen/appdata/roaming/xpacks/@gnu-mcu-eclipse/arm-none-eabi-gcc/8.2.1-1.3.1/.content/bin/../lib/gcc/arm-none-eabi/8.2.1/../../../../arm-none-eabi/lib/thumb/v7e-m/nofp\libm.a(lib_a-s_fabs.o)
 .ARM.attributes
                0x0000000000000730       0x2e c:/users/swallen/appdata/roaming/xpacks/@gnu-mcu-eclipse/arm-none-eabi-gcc/8.2.1-1.3.1/.content/bin/../lib/gcc/arm-none-eabi/8.2.1/../../../../arm-none-eabi/lib/thumb/v7e-m/nofp\libm.a(lib_a-s_lib_ver.o)
 .ARM.attributes
                0x000000000000075e       0x2e c:/users/swallen/appdata/roaming/xpacks/@gnu-mcu-eclipse/arm-none-eabi-gcc/8.2.1-1.3.1/.content/bin/../lib/gcc/arm-none-eabi/8.2.1/../../../../arm-none-eabi/lib/thumb/v7e-m/nofp\libm.a(lib_a-s_matherr.o)
 .ARM.attributes
                0x000000000000078c       0x1e c:/users/swallen/appdata/roaming/xpacks/@gnu-mcu-eclipse/arm-none-eabi-gcc/8.2.1-1.3.1/.content/bin/../lib/gcc/arm-none-eabi/8.2.1/thumb/v7e-m/nofp\libgcc.a(_arm_addsubdf3.o)
 .ARM.attributes
                0x00000000000007aa       0x1e c:/users/swallen/appdata/roaming/xpacks/@gnu-mcu-eclipse/arm-none-eabi-gcc/8.2.1-1.3.1/.content/bin/../lib/gcc/arm-none-eabi/8.2.1/thumb/v7e-m/nofp\libgcc.a(_arm_muldivdf3.o)
 .ARM.attributes
                0x00000000000007c8       0x1e c:/users/swallen/appdata/roaming/xpacks/@gnu-mcu-eclipse/arm-none-eabi-gcc/8.2.1-1.3.1/.content/bin/../lib/gcc/arm-none-eabi/8.2.1/thumb/v7e-m/nofp\libgcc.a(_arm_cmpdf2.o)
 .ARM.attributes
                0x00000000000007e6       0x1e c:/users/swallen/appdata/roaming/xpacks/@gnu-mcu-eclipse/arm-none-eabi-gcc/8.2.1-1.3.1/.content/bin/../lib/gcc/arm-none-eabi/8.2.1/thumb/v7e-m/nofp\libgcc.a(_arm_unorddf2.o)
 .ARM.attributes
                0x0000000000000804       0x1e c:/users/swallen/appdata/roaming/xpacks/@gnu-mcu-eclipse/arm-none-eabi-gcc/8.2.1-1.3.1/.content/bin/../lib/gcc/arm-none-eabi/8.2.1/thumb/v7e-m/nofp\libgcc.a(_arm_fixdfsi.o)
 .ARM.attributes
                0x0000000000000822       0x1e c:/users/swallen/appdata/roaming/xpacks/@gnu-mcu-eclipse/arm-none-eabi-gcc/8.2.1-1.3.1/.content/bin/../lib/gcc/arm-none-eabi/8.2.1/thumb/v7e-m/nofp\libgcc.a(_arm_fixunsdfsi.o)
 .ARM.attributes
                0x0000000000000840       0x2e c:/users/swallen/appdata/roaming/xpacks/@gnu-mcu-eclipse/arm-none-eabi-gcc/8.2.1-1.3.1/.content/bin/../lib/gcc/arm-none-eabi/8.2.1/../../../../arm-none-eabi/lib/thumb/v7e-m/nofp\libg_nano.a(lib_a-ctype_.o)
 .ARM.attributes
                0x000000000000086e       0x2e c:/users/swallen/appdata/roaming/xpacks/@gnu-mcu-eclipse/arm-none-eabi-gcc/8.2.1-1.3.1/.content/bin/../lib/gcc/arm-none-eabi/8.2.1/../../../../arm-none-eabi/lib/thumb/v7e-m/nofp\libg_nano.a(lib_a-errno.o)
 .ARM.attributes
                0x000000000000089c       0x2e c:/users/swallen/appdata/roaming/xpacks/@gnu-mcu-eclipse/arm-none-eabi-gcc/8.2.1-1.3.1/.content/bin/../lib/gcc/arm-none-eabi/8.2.1/../../../../arm-none-eabi/lib/thumb/v7e-m/nofp\libg_nano.a(lib_a-findfp.o)
 .ARM.attributes
                0x00000000000008ca       0x2e c:/users/swallen/appdata/roaming/xpacks/@gnu-mcu-eclipse/arm-none-eabi-gcc/8.2.1-1.3.1/.content/bin/../lib/gcc/arm-none-eabi/8.2.1/../../../../arm-none-eabi/lib/thumb/v7e-m/nofp\libg_nano.a(lib_a-fwalk.o)
 .ARM.attributes
                0x00000000000008f8       0x2e c:/users/swallen/appdata/roaming/xpacks/@gnu-mcu-eclipse/arm-none-eabi-gcc/8.2.1-1.3.1/.content/bin/../lib/gcc/arm-none-eabi/8.2.1/../../../../arm-none-eabi/lib/thumb/v7e-m/nofp\libg_nano.a(lib_a-impure.o)
 .ARM.attributes
                0x0000000000000926       0x2e c:/users/swallen/appdata/roaming/xpacks/@gnu-mcu-eclipse/arm-none-eabi-gcc/8.2.1-1.3.1/.content/bin/../lib/gcc/arm-none-eabi/8.2.1/../../../../arm-none-eabi/lib/thumb/v7e-m/nofp\libg_nano.a(lib_a-lock.o)
 .ARM.attributes
                0x0000000000000954       0x2e c:/users/swallen/appdata/roaming/xpacks/@gnu-mcu-eclipse/arm-none-eabi-gcc/8.2.1-1.3.1/.content/bin/../lib/gcc/arm-none-eabi/8.2.1/../../../../arm-none-eabi/lib/thumb/v7e-m/nofp\libg_nano.a(lib_a-malloc.o)
 .ARM.attributes
                0x0000000000000982       0x2e c:/users/swallen/appdata/roaming/xpacks/@gnu-mcu-eclipse/arm-none-eabi-gcc/8.2.1-1.3.1/.content/bin/../lib/gcc/arm-none-eabi/8.2.1/../../../../arm-none-eabi/lib/thumb/v7e-m/nofp\libg_nano.a(lib_a-memset.o)
 .ARM.attributes
                0x00000000000009b0       0x2e c:/users/swallen/appdata/roaming/xpacks/@gnu-mcu-eclipse/arm-none-eabi-gcc/8.2.1-1.3.1/.content/bin/../lib/gcc/arm-none-eabi/8.2.1/../../../../arm-none-eabi/lib/thumb/v7e-m/nofp\libg_nano.a(lib_a-nano-freer.o)
 .ARM.attributes